Archive member included to satisfy reference by file (symbol)

/opt/Atollic_TrueSTUDIO_for_STM32_x86_64_9.0.1/ARMTools/bin/../lib/gcc/arm-atollic-eabi/6.3.1/../../../../arm-atollic-eabi/lib/armv7e-m/fpu/libc_nano.a(lib_a-init.o)
                              startup/startup_stm32f446xx.o (__libc_init_array)
/opt/Atollic_TrueSTUDIO_for_STM32_x86_64_9.0.1/ARMTools/bin/../lib/gcc/arm-atollic-eabi/6.3.1/armv7e-m/fpu/libgcc.a(_aeabi_uldivmod.o)
                              Drivers/STM32F4xx_HAL_Driver/Src/stm32f4xx_hal_rcc.o (__aeabi_uldivmod)
/opt/Atollic_TrueSTUDIO_for_STM32_x86_64_9.0.1/ARMTools/bin/../lib/gcc/arm-atollic-eabi/6.3.1/armv7e-m/fpu/libgcc.a(_udivmoddi4.o)
                              /opt/Atollic_TrueSTUDIO_for_STM32_x86_64_9.0.1/ARMTools/bin/../lib/gcc/arm-atollic-eabi/6.3.1/armv7e-m/fpu/libgcc.a(_aeabi_uldivmod.o) (__udivmoddi4)
/opt/Atollic_TrueSTUDIO_for_STM32_x86_64_9.0.1/ARMTools/bin/../lib/gcc/arm-atollic-eabi/6.3.1/armv7e-m/fpu/libgcc.a(_dvmd_tls.o)
                              /opt/Atollic_TrueSTUDIO_for_STM32_x86_64_9.0.1/ARMTools/bin/../lib/gcc/arm-atollic-eabi/6.3.1/armv7e-m/fpu/libgcc.a(_aeabi_uldivmod.o) (__aeabi_ldiv0)

Allocating common symbols
Common symbol       size              file

hi2c3               0x54              Src/main.o
hspi2               0x58              Src/main.o
htim8               0x3c              Src/main.o
htim4               0x3c              Src/main.o
huart3              0x40              Src/main.o
hadc2               0x48              Src/main.o
uwTick              0x4               Drivers/STM32F4xx_HAL_Driver/Src/stm32f4xx_hal.o
pFlash              0x20              Drivers/STM32F4xx_HAL_Driver/Src/stm32f4xx_hal_flash.o
htim5               0x3c              Src/main.o
htim3               0x3c              Src/main.o
hadc1               0x48              Src/main.o
huart1              0x40              Src/main.o
TxData              0x8               Src/main.o
htim1               0x3c              Src/main.o
TxMailbox           0x4               Src/main.o
huart6              0x40              Src/main.o
buf                 0xc8              Src/main.o
RxData              0x8               Src/main.o
htim2               0x3c              Src/main.o
hcan1               0x28              Src/main.o
TxHeader            0x18              Src/main.o
RxHeader            0x1c              Src/main.o

Discarded input sections

 .text          0x0000000000000000        0x0 /opt/Atollic_TrueSTUDIO_for_STM32_x86_64_9.0.1/ARMTools/bin/../lib/gcc/arm-atollic-eabi/6.3.1/armv7e-m/fpu/crti.o
 .data          0x0000000000000000        0x0 /opt/Atollic_TrueSTUDIO_for_STM32_x86_64_9.0.1/ARMTools/bin/../lib/gcc/arm-atollic-eabi/6.3.1/armv7e-m/fpu/crti.o
 .bss           0x0000000000000000        0x0 /opt/Atollic_TrueSTUDIO_for_STM32_x86_64_9.0.1/ARMTools/bin/../lib/gcc/arm-atollic-eabi/6.3.1/armv7e-m/fpu/crti.o
 .data          0x0000000000000000        0x4 /opt/Atollic_TrueSTUDIO_for_STM32_x86_64_9.0.1/ARMTools/bin/../lib/gcc/arm-atollic-eabi/6.3.1/armv7e-m/fpu/crtbegin.o
 .text          0x0000000000000000        0x0 Drivers/STM32F4xx_HAL_Driver/Src/stm32f4xx_hal.o
 .data          0x0000000000000000        0x0 Drivers/STM32F4xx_HAL_Driver/Src/stm32f4xx_hal.o
 .bss           0x0000000000000000        0x0 Drivers/STM32F4xx_HAL_Driver/Src/stm32f4xx_hal.o
 .text.HAL_MspInit
                0x0000000000000000        0x2 Drivers/STM32F4xx_HAL_Driver/Src/stm32f4xx_hal.o
 .text.HAL_MspDeInit
                0x0000000000000000        0x2 Drivers/STM32F4xx_HAL_Driver/Src/stm32f4xx_hal.o
 .text.HAL_DeInit
                0x0000000000000000       0x2c Drivers/STM32F4xx_HAL_Driver/Src/stm32f4xx_hal.o
 .text.HAL_GetTickPrio
                0x0000000000000000        0xc Drivers/STM32F4xx_HAL_Driver/Src/stm32f4xx_hal.o
 .text.HAL_SetTickFreq
                0x0000000000000000       0x24 Drivers/STM32F4xx_HAL_Driver/Src/stm32f4xx_hal.o
 .text.HAL_GetTickFreq
                0x0000000000000000        0xc Drivers/STM32F4xx_HAL_Driver/Src/stm32f4xx_hal.o
 .text.HAL_SuspendTick
                0x0000000000000000       0x10 Drivers/STM32F4xx_HAL_Driver/Src/stm32f4xx_hal.o
 .text.HAL_ResumeTick
                0x0000000000000000       0x10 Drivers/STM32F4xx_HAL_Driver/Src/stm32f4xx_hal.o
 .text.HAL_GetHalVersion
                0x0000000000000000        0x8 Drivers/STM32F4xx_HAL_Driver/Src/stm32f4xx_hal.o
 .text.HAL_GetREVID
                0x0000000000000000        0xc Drivers/STM32F4xx_HAL_Driver/Src/stm32f4xx_hal.o
 .text.HAL_GetDEVID
                0x0000000000000000       0x10 Drivers/STM32F4xx_HAL_Driver/Src/stm32f4xx_hal.o
 .text.HAL_DBGMCU_EnableDBGSleepMode
                0x0000000000000000       0x10 Drivers/STM32F4xx_HAL_Driver/Src/stm32f4xx_hal.o
 .text.HAL_DBGMCU_DisableDBGSleepMode
                0x0000000000000000       0x10 Drivers/STM32F4xx_HAL_Driver/Src/stm32f4xx_hal.o
 .text.HAL_DBGMCU_EnableDBGStopMode
[...]
Memory Configuration

Name             Origin             Length             Attributes
RAM              0x0000000020000000 0x0000000000020000 xrw
FLASH            0x0000000008000000 0x0000000000080000 xr
*default*        0x0000000000000000 0xffffffffffffffff

Linker script and memory map

LOAD /opt/Atollic_TrueSTUDIO_for_STM32_x86_64_9.0.1/ARMTools/bin/../lib/gcc/arm-atollic-eabi/6.3.1/armv7e-m/fpu/crti.o
LOAD /opt/Atollic_TrueSTUDIO_for_STM32_x86_64_9.0.1/ARMTools/bin/../lib/gcc/arm-atollic-eabi/6.3.1/armv7e-m/fpu/crtbegin.o
LOAD Drivers/STM32F4xx_HAL_Driver/Src/stm32f4xx_hal.o
LOAD Drivers/STM32F4xx_HAL_Driver/Src/stm32f4xx_hal_adc.o
LOAD Drivers/STM32F4xx_HAL_Driver/Src/stm32f4xx_hal_adc_ex.o
LOAD Drivers/STM32F4xx_HAL_Driver/Src/stm32f4xx_hal_can.o
LOAD Drivers/STM32F4xx_HAL_Driver/Src/stm32f4xx_hal_cortex.o
LOAD Drivers/STM32F4xx_HAL_Driver/Src/stm32f4xx_hal_dma.o
LOAD Drivers/STM32F4xx_HAL_Driver/Src/stm32f4xx_hal_dma_ex.o
LOAD Drivers/STM32F4xx_HAL_Driver/Src/stm32f4xx_hal_flash.o
LOAD Drivers/STM32F4xx_HAL_Driver/Src/stm32f4xx_hal_flash_ex.o
LOAD Drivers/STM32F4xx_HAL_Driver/Src/stm32f4xx_hal_flash_ramfunc.o
LOAD Drivers/STM32F4xx_HAL_Driver/Src/stm32f4xx_hal_gpio.o
LOAD Drivers/STM32F4xx_HAL_Driver/Src/stm32f4xx_hal_i2c.o
LOAD Drivers/STM32F4xx_HAL_Driver/Src/stm32f4xx_hal_i2c_ex.o
LOAD Drivers/STM32F4xx_HAL_Driver/Src/stm32f4xx_hal_pwr.o
LOAD Drivers/STM32F4xx_HAL_Driver/Src/stm32f4xx_hal_pwr_ex.o
LOAD Drivers/STM32F4xx_HAL_Driver/Src/stm32f4xx_hal_rcc.o
LOAD Drivers/STM32F4xx_HAL_Driver/Src/stm32f4xx_hal_rcc_ex.o
LOAD Drivers/STM32F4xx_HAL_Driver/Src/stm32f4xx_hal_spi.o
LOAD Drivers/STM32F4xx_HAL_Driver/Src/stm32f4xx_hal_tim.o
LOAD Drivers/STM32F4xx_HAL_Driver/Src/stm32f4xx_hal_tim_ex.o
LOAD Drivers/STM32F4xx_HAL_Driver/Src/stm32f4xx_hal_uart.o
LOAD Src/main.o
LOAD Src/stm32f4xx_hal_msp.o
LOAD Src/stm32f4xx_it.o
LOAD Src/system_stm32f4xx.o
LOAD startup/startup_stm32f446xx.o
                0x0000000000000080                malloc_getpagesize_P = 0x80
START GROUP
LOAD /opt/Atollic_TrueSTUDIO_for_STM32_x86_64_9.0.1/ARMTools/bin/../lib/gcc/arm-atollic-eabi/6.3.1/../../../../arm-atollic-eabi/lib/armv7e-m/fpu/libc_nano.a
LOAD /opt/Atollic_TrueSTUDIO_for_STM32_x86_64_9.0.1/ARMTools/bin/../lib/gcc/arm-atollic-eabi/6.3.1/../../../../arm-atollic-eabi/lib/armv7e-m/fpu/libm.a
END GROUP
START GROUP
LOAD /opt/Atollic_TrueSTUDIO_for_STM32_x86_64_9.0.1/ARMTools/bin/../lib/gcc/arm-atollic-eabi/6.3.1/armv7e-m/fpu/libgcc.a
LOAD /opt/Atollic_TrueSTUDIO_for_STM32_x86_64_9.0.1/ARMTools/bin/../lib/gcc/arm-atollic-eabi/6.3.1/../../../../arm-atollic-eabi/lib/armv7e-m/fpu/libc_nano.a
END GROUP
START GROUP
LOAD /opt/Atollic_TrueSTUDIO_for_STM32_x86_64_9.0.1/ARMTools/bin/../lib/gcc/arm-atollic-eabi/6.3.1/armv7e-m/fpu/libgcc.a
LOAD /opt/Atollic_TrueSTUDIO_for_STM32_x86_64_9.0.1/ARMTools/bin/../lib/gcc/arm-atollic-eabi/6.3.1/../../../../arm-atollic-eabi/lib/armv7e-m/fpu/libc_nano.a
LOAD /opt/Atollic_TrueSTUDIO_for_STM32_x86_64_9.0.1/ARMTools/bin/../lib/gcc/arm-atollic-eabi/6.3.1/../../../../arm-atollic-eabi/lib/armv7e-m/fpu/libnosys.a
END GROUP
START GROUP
LOAD /opt/Atollic_TrueSTUDIO_for_STM32_x86_64_9.0.1/ARMTools/bin/../lib/gcc/arm-atollic-eabi/6.3.1/armv7e-m/fpu/libgcc.a
LOAD /opt/Atollic_TrueSTUDIO_for_STM32_x86_64_9.0.1/ARMTools/bin/../lib/gcc/arm-atollic-eabi/6.3.1/../../../../arm-atollic-eabi/lib/armv7e-m/fpu/libc_nano.a
LOAD /opt/Atollic_TrueSTUDIO_for_STM32_x86_64_9.0.1/ARMTools/bin/../lib/gcc/arm-atollic-eabi/6.3.1/../../../../arm-atollic-eabi/lib/armv7e-m/fpu/libnosys.a
END GROUP
LOAD /opt/Atollic_TrueSTUDIO_for_STM32_x86_64_9.0.1/ARMTools/bin/../lib/gcc/arm-atollic-eabi/6.3.1/armv7e-m/fpu/crtend.o
LOAD /opt/Atollic_TrueSTUDIO_for_STM32_x86_64_9.0.1/ARMTools/bin/../lib/gcc/arm-atollic-eabi/6.3.1/armv7e-m/fpu/crtn.o
                0x0000000020020000                _estack = 0x20020000
                0x0000000000000200                _Min_Heap_Size = 0x200
                0x0000000000000400                _Min_Stack_Size = 0x400

.isr_vector     0x0000000008000000      0x1c4
                0x0000000008000000                . = ALIGN (0x4)
 *(.isr_vector)
 .isr_vector    0x0000000008000000      0x1c4 startup/startup_stm32f446xx.o
                0x0000000008000000                g_pfnVectors
                0x00000000080001c4                . = ALIGN (0x4)

.text           0x00000000080001c4     0x2d68
                0x00000000080001c4                . = ALIGN (0x4)
 *(.text)
 .text          0x00000000080001c4       0x40 /opt/Atollic_TrueSTUDIO_for_STM32_x86_64_9.0.1/ARMTools/bin/../lib/gcc/arm-atollic-eabi/6.3.1/armv7e-m/fpu/crtbegin.o
 .text          0x0000000008000204       0x30 /opt/Atollic_TrueSTUDIO_for_STM32_x86_64_9.0.1/ARMTools/bin/../lib/gcc/arm-atollic-eabi/6.3.1/armv7e-m/fpu/libgcc.a(_aeabi_uldivmod.o)
                0x0000000008000204                __aeabi_uldivmod
 .text          0x0000000008000234      0x2dc /opt/Atollic_TrueSTUDIO_for_STM32_x86_64_9.0.1/ARMTools/bin/../lib/gcc/arm-atollic-eabi/6.3.1/armv7e-m/fpu/libgcc.a(_udivmoddi4.o)
                0x0000000008000234                __udivmoddi4
 .text          0x0000000008000510        0x4 /opt/Atollic_TrueSTUDIO_for_STM32_x86_64_9.0.1/ARMTools/bin/../lib/gcc/arm-atollic-eabi/6.3.1/armv7e-m/fpu/libgcc.a(_dvmd_tls.o)
                0x0000000008000510                __aeabi_ldiv0
                0x0000000008000510                __aeabi_idiv0
 *(.text*)
 .text.HAL_InitTick
                0x0000000008000514       0x48 Drivers/STM32F4xx_HAL_Driver/Src/stm32f4xx_hal.o
                0x0000000008000514                HAL_InitTick
 .text.HAL_Init
                0x000000000800055c       0x34 Drivers/STM32F4xx_HAL_Driver/Src/stm32f4xx_hal.o
                0x000000000800055c                HAL_Init
 .text.HAL_IncTick
                0x0000000008000590       0x18 Drivers/STM32F4xx_HAL_Driver/Src/stm32f4xx_hal.o
                0x0000000008000590                HAL_IncTick
 .text.HAL_GetTick
                0x00000000080005a8        0xc Drivers/STM32F4xx_HAL_Driver/Src/stm32f4xx_hal.o
                0x00000000080005a8                HAL_GetTick
 .text.HAL_Delay
                0x00000000080005b4       0x28 Drivers/STM32F4xx_HAL_Driver/Src/stm32f4xx_hal.o
                0x00000000080005b4                HAL_Delay
 .text.HAL_ADC_Init
                0x00000000080005dc      0x148 Drivers/STM32F4xx_HAL_Driver/Src/stm32f4xx_hal_adc.o
                0x00000000080005dc                HAL_ADC_Init
 .text.HAL_ADC_ConfigChannel
                0x0000000008000724      0x130 Drivers/STM32F4xx_HAL_Driver/Src/stm32f4xx_hal_adc.o
                0x0000000008000724                HAL_ADC_ConfigChannel
 .text.HAL_CAN_Init
                0x0000000008000854       0xf6 Drivers/STM32F4xx_HAL_Driver/Src/stm32f4xx_hal_can.o
                0x0000000008000854                HAL_CAN_Init
 *fill*         0x000000000800094a        0x2 
 .text.HAL_CAN_ConfigFilter
                0x000000000800094c      0x114 Drivers/STM32F4xx_HAL_Driver/Src/stm32f4xx_hal_can.o
                0x000000000800094c                HAL_CAN_ConfigFilter
 .text.HAL_CAN_Start
                0x0000000008000a60       0x56 Drivers/STM32F4xx_HAL_Driver/Src/stm32f4xx_hal_can.o
                0x0000000008000a60                HAL_CAN_Start
 .text.HAL_CAN_AddTxMessage
                0x0000000008000ab6       0x9e Drivers/STM32F4xx_HAL_Driver/Src/stm32f4xx_hal_can.o
                0x0000000008000ab6                HAL_CAN_AddTxMessage
 .text.HAL_CAN_GetRxMessage
                0x0000000008000b54       0xfc Drivers/STM32F4xx_HAL_Driver/Src/stm32f4xx_hal_can.o
                0x0000000008000b54                HAL_CAN_GetRxMessage
 .text.HAL_CAN_GetRxFifoFillLevel
                0x0000000008000c50       0x24 Drivers/STM32F4xx_HAL_Driver/Src/stm32f4xx_hal_can.o
                0x0000000008000c50                HAL_CAN_GetRxFifoFillLevel
 .text.HAL_CAN_TxMailbox0CompleteCallback
                0x0000000008000c74        0x2 Drivers/STM32F4xx_HAL_Driver/Src/stm32f4xx_hal_can.o
                0x0000000008000c74                HAL_CAN_TxMailbox0CompleteCallback
 .text.HAL_CAN_TxMailbox1CompleteCallback
                0x0000000008000c76        0x2 Drivers/STM32F4xx_HAL_Driver/Src/stm32f4xx_hal_can.o
                0x0000000008000c76                HAL_CAN_TxMailbox1CompleteCallback
 .text.HAL_CAN_TxMailbox2CompleteCallback
                0x0000000008000c78        0x2 Drivers/STM32F4xx_HAL_Driver/Src/stm32f4xx_hal_can.o
                0x0000000008000c78                HAL_CAN_TxMailbox2CompleteCallback
 .text.HAL_CAN_TxMailbox0AbortCallback
                0x0000000008000c7a        0x2 Drivers/STM32F4xx_HAL_Driver/Src/stm32f4xx_hal_can.o
                0x0000000008000c7a                HAL_CAN_TxMailbox0AbortCallback
 .text.HAL_CAN_TxMailbox1AbortCallback
                0x0000000008000c7c        0x2 Drivers/STM32F4xx_HAL_Driver/Src/stm32f4xx_hal_can.o
                0x0000000008000c7c                HAL_CAN_TxMailbox1AbortCallback
 .text.HAL_CAN_TxMailbox2AbortCallback
                0x0000000008000c7e        0x2 Drivers/STM32F4xx_HAL_Driver/Src/stm32f4xx_hal_can.o
                0x0000000008000c7e                HAL_CAN_TxMailbox2AbortCallback
 .text.HAL_CAN_RxFifo0MsgPendingCallback
                0x0000000008000c80        0x2 Drivers/STM32F4xx_HAL_Driver/Src/stm32f4xx_hal_can.o
                0x0000000008000c80                HAL_CAN_RxFifo0MsgPendingCallback
 .text.HAL_CAN_RxFifo0FullCallback
                0x0000000008000c82        0x2 Drivers/STM32F4xx_HAL_Driver/Src/stm32f4xx_hal_can.o
                0x0000000008000c82                HAL_CAN_RxFifo0FullCallback
 .text.HAL_CAN_RxFifo1MsgPendingCallback
                0x0000000008000c84        0x2 Drivers/STM32F4xx_HAL_Driver/Src/stm32f4xx_hal_can.o
                0x0000000008000c84                HAL_CAN_RxFifo1MsgPendingCallback
 .text.HAL_CAN_RxFifo1FullCallback
                0x0000000008000c86        0x2 Drivers/STM32F4xx_HAL_Driver/Src/stm32f4xx_hal_can.o
                0x0000000008000c86                HAL_CAN_RxFifo1FullCallback
 .text.HAL_CAN_SleepCallback
                0x0000000008000c88        0x2 Drivers/STM32F4xx_HAL_Driver/Src/stm32f4xx_hal_can.o
                0x0000000008000c88                HAL_CAN_SleepCallback
 .text.HAL_CAN_WakeUpFromRxMsgCallback
                0x0000000008000c8a        0x2 Drivers/STM32F4xx_HAL_Driver/Src/stm32f4xx_hal_can.o
                0x0000000008000c8a                HAL_CAN_WakeUpFromRxMsgCallback
 .text.HAL_CAN_ErrorCallback
                0x0000000008000c8c        0x2 Drivers/STM32F4xx_HAL_Driver/Src/stm32f4xx_hal_can.o
                0x0000000008000c8c                HAL_CAN_ErrorCallback
 .text.HAL_CAN_IRQHandler
                0x0000000008000c8e      0x1fc Drivers/STM32F4xx_HAL_Driver/Src/stm32f4xx_hal_can.o
                0x0000000008000c8e                HAL_CAN_IRQHandler
 *fill*         0x0000000008000e8a        0x2 
 .text.HAL_NVIC_SetPriorityGrouping
                0x0000000008000e8c       0x24 Drivers/STM32F4xx_HAL_Driver/Src/stm32f4xx_hal_cortex.o
                0x0000000008000e8c                HAL_NVIC_SetPriorityGrouping
 .text.HAL_NVIC_SetPriority
                0x0000000008000eb0       0x68 Drivers/STM32F4xx_HAL_Driver/Src/stm32f4xx_hal_cortex.o
                0x0000000008000eb0                HAL_NVIC_SetPriority
 .text.HAL_NVIC_EnableIRQ
                0x0000000008000f18       0x18 Drivers/STM32F4xx_HAL_Driver/Src/stm32f4xx_hal_cortex.o
                0x0000000008000f18                HAL_NVIC_EnableIRQ
 .text.HAL_SYSTICK_Config
                0x0000000008000f30       0x2c Drivers/STM32F4xx_HAL_Driver/Src/stm32f4xx_hal_cortex.o
                0x0000000008000f30                HAL_SYSTICK_Config
 .text.HAL_SYSTICK_CLKSourceConfig
                0x0000000008000f5c       0x18 Drivers/STM32F4xx_HAL_Driver/Src/stm32f4xx_hal_cortex.o
                0x0000000008000f5c                HAL_SYSTICK_CLKSourceConfig
 .text.HAL_SYSTICK_Callback
                0x0000000008000f74        0x2 Drivers/STM32F4xx_HAL_Driver/Src/stm32f4xx_hal_cortex.o
                0x0000000008000f74                HAL_SYSTICK_Callback
 .text.HAL_SYSTICK_IRQHandler
                0x0000000008000f76        0x8 Drivers/STM32F4xx_HAL_Driver/Src/stm32f4xx_hal_cortex.o
                0x0000000008000f76                HAL_SYSTICK_IRQHandler
 *fill*         0x0000000008000f7e        0x2 
 .text.HAL_GPIO_Init
                0x0000000008000f80      0x1b4 Drivers/STM32F4xx_HAL_Driver/Src/stm32f4xx_hal_gpio.o
                0x0000000008000f80                HAL_GPIO_Init
 .text.HAL_I2C_Init
                0x0000000008001134       0xdc Drivers/STM32F4xx_HAL_Driver/Src/stm32f4xx_hal_i2c.o
                0x0000000008001134                HAL_I2C_Init
 .text.HAL_RCC_ClockConfig
                0x0000000008001210      0x134 Drivers/STM32F4xx_HAL_Driver/Src/stm32f4xx_hal_rcc.o
                0x0000000008001210                HAL_RCC_ClockConfig
 .text.HAL_RCC_GetHCLKFreq
                0x0000000008001344        0xc Drivers/STM32F4xx_HAL_Driver/Src/stm32f4xx_hal_rcc.o
                0x0000000008001344                HAL_RCC_GetHCLKFreq
 .text.HAL_RCC_GetPCLK1Freq
                0x0000000008001350       0x20 Drivers/STM32F4xx_HAL_Driver/Src/stm32f4xx_hal_rcc.o
                0x0000000008001350                HAL_RCC_GetPCLK1Freq
 .text.HAL_RCC_GetPCLK2Freq
                0x0000000008001370       0x20 Drivers/STM32F4xx_HAL_Driver/Src/stm32f4xx_hal_rcc.o
                0x0000000008001370                HAL_RCC_GetPCLK2Freq
 .text.HAL_RCC_GetSysClockFreq
                0x0000000008001390       0x90 Drivers/STM32F4xx_HAL_Driver/Src/stm32f4xx_hal_rcc_ex.o
                0x0000000008001390                HAL_RCC_GetSysClockFreq
 .text.HAL_RCC_OscConfig
                0x0000000008001420      0x334 Drivers/STM32F4xx_HAL_Driver/Src/stm32f4xx_hal_rcc_ex.o
                0x0000000008001420                HAL_RCC_OscConfig
 .text.HAL_SPI_Init
                0x0000000008001754       0x7a Drivers/STM32F4xx_HAL_Driver/Src/stm32f4xx_hal_spi.o
                0x0000000008001754                HAL_SPI_Init
 *fill*         0x00000000080017ce        0x2 
 .text.TIM_OC1_SetConfig
                0x00000000080017d0       0x58 Drivers/STM32F4xx_HAL_Driver/Src/stm32f4xx_hal_tim.o
 .text.TIM_OC3_SetConfig
                0x0000000008001828       0x60 Drivers/STM32F4xx_HAL_Driver/Src/stm32f4xx_hal_tim.o
 .text.TIM_OC4_SetConfig
                0x0000000008001888       0x50 Drivers/STM32F4xx_HAL_Driver/Src/stm32f4xx_hal_tim.o
 .text.TIM_SlaveTimer_SetConfig
                0x00000000080018d8       0xaa Drivers/STM32F4xx_HAL_Driver/Src/stm32f4xx_hal_tim.o
 .text.HAL_TIM_OC_MspInit
                0x0000000008001982        0x2 Drivers/STM32F4xx_HAL_Driver/Src/stm32f4xx_hal_tim.o
                0x0000000008001982                HAL_TIM_OC_MspInit
 .text.HAL_TIM_IC_MspInit
                0x0000000008001984        0x2 Drivers/STM32F4xx_HAL_Driver/Src/stm32f4xx_hal_tim.o
                0x0000000008001984                HAL_TIM_IC_MspInit
 .text.HAL_TIM_ConfigClockSource
                0x0000000008001986      0x172 Drivers/STM32F4xx_HAL_Driver/Src/stm32f4xx_hal_tim.o
                0x0000000008001986                HAL_TIM_ConfigClockSource
 .text.HAL_TIM_SlaveConfigSynchronization
                0x0000000008001af8       0x40 Drivers/STM32F4xx_HAL_Driver/Src/stm32f4xx_hal_tim.o
                0x0000000008001af8                HAL_TIM_SlaveConfigSynchronization
 .text.TIM_Base_SetConfig
                0x0000000008001b38       0xc8 Drivers/STM32F4xx_HAL_Driver/Src/stm32f4xx_hal_tim.o
                0x0000000008001b38                TIM_Base_SetConfig
 .text.HAL_TIM_Base_Init
                0x0000000008001c00       0x34 Drivers/STM32F4xx_HAL_Driver/Src/stm32f4xx_hal_tim.o
                0x0000000008001c00                HAL_TIM_Base_Init
 .text.HAL_TIM_OC_Init
                0x0000000008001c34       0x34 Drivers/STM32F4xx_HAL_Driver/Src/stm32f4xx_hal_tim.o
                0x0000000008001c34                HAL_TIM_OC_Init
 .text.HAL_TIM_IC_Init
                0x0000000008001c68       0x34 Drivers/STM32F4xx_HAL_Driver/Src/stm32f4xx_hal_tim.o
                0x0000000008001c68                HAL_TIM_IC_Init
 .text.TIM_TI1_SetConfig
                0x0000000008001c9c       0x74 Drivers/STM32F4xx_HAL_Driver/Src/stm32f4xx_hal_tim.o
                0x0000000008001c9c                TIM_TI1_SetConfig
 .text.HAL_TIM_IC_ConfigChannel
                0x0000000008001d10      0x110 Drivers/STM32F4xx_HAL_Driver/Src/stm32f4xx_hal_tim.o
                0x0000000008001d10                HAL_TIM_IC_ConfigChannel
 .text.TIM_OC2_SetConfig
                0x0000000008001e20       0x60 Drivers/STM32F4xx_HAL_Driver/Src/stm32f4xx_hal_tim.o
                0x0000000008001e20                TIM_OC2_SetConfig
 .text.HAL_TIM_OC_ConfigChannel
                0x0000000008001e80       0x5c Drivers/STM32F4xx_HAL_Driver/Src/stm32f4xx_hal_tim.o
                0x0000000008001e80                HAL_TIM_OC_ConfigChannel
 .text.HAL_TIMEx_MasterConfigSynchronization
                0x0000000008001edc       0x44 Drivers/STM32F4xx_HAL_Driver/Src/stm32f4xx_hal_tim_ex.o
                0x0000000008001edc                HAL_TIMEx_MasterConfigSynchronization
 .text.HAL_TIMEx_ConfigBreakDeadTime
                0x0000000008001f20       0x4c Drivers/STM32F4xx_HAL_Driver/Src/stm32f4xx_hal_tim_ex.o
                0x0000000008001f20                HAL_TIMEx_ConfigBreakDeadTime
 .text.UART_SetConfig
                0x0000000008001f6c      0x234 Drivers/STM32F4xx_HAL_Driver/Src/stm32f4xx_hal_uart.o
 .text.HAL_UART_Init
                0x00000000080021a0       0x5c Drivers/STM32F4xx_HAL_Driver/Src/stm32f4xx_hal_uart.o
                0x00000000080021a0                HAL_UART_Init
 .text.SystemClock_Config
                0x00000000080021fc       0xac Src/main.o
                0x00000000080021fc                SystemClock_Config
 .text.CAN_Config
                0x00000000080022a8       0x84 Src/main.o
                0x00000000080022a8                CAN_Config
 .text.startup.main
                0x000000000800232c      0x578 Src/main.o
                0x000000000800232c                main
 .text.HAL_MspInit
                0x00000000080028a4       0x90 Src/stm32f4xx_hal_msp.o
                0x00000000080028a4                HAL_MspInit
 .text.HAL_ADC_MspInit
                0x0000000008002934       0x9c Src/stm32f4xx_hal_msp.o
                0x0000000008002934                HAL_ADC_MspInit
 .text.HAL_CAN_MspInit
                0x00000000080029d0       0x88 Src/stm32f4xx_hal_msp.o
                0x00000000080029d0                HAL_CAN_MspInit
 .text.HAL_I2C_MspInit
                0x0000000008002a58       0x70 Src/stm32f4xx_hal_msp.o
                0x0000000008002a58                HAL_I2C_MspInit
 .text.HAL_SPI_MspInit
                0x0000000008002ac8       0x68 Src/stm32f4xx_hal_msp.o
                0x0000000008002ac8                HAL_SPI_MspInit
 .text.HAL_TIM_Base_MspInit
                0x0000000008002b30      0x114 Src/stm32f4xx_hal_msp.o
                0x0000000008002b30                HAL_TIM_Base_MspInit
 .text.HAL_TIM_MspPostInit
                0x0000000008002c44       0xd0 Src/stm32f4xx_hal_msp.o
                0x0000000008002c44                HAL_TIM_MspPostInit
 .text.HAL_UART_MspInit
                0x0000000008002d14       0xe8 Src/stm32f4xx_hal_msp.o
                0x0000000008002d14                HAL_UART_MspInit
 .text.NMI_Handler
                0x0000000008002dfc        0x2 Src/stm32f4xx_it.o
                0x0000000008002dfc                NMI_Handler
 .text.HardFault_Handler
                0x0000000008002dfe        0x2 Src/stm32f4xx_it.o
                0x0000000008002dfe                HardFault_Handler
 .text.MemManage_Handler
                0x0000000008002e00        0x2 Src/stm32f4xx_it.o
                0x0000000008002e00                MemManage_Handler
 .text.BusFault_Handler
                0x0000000008002e02        0x2 Src/stm32f4xx_it.o
                0x0000000008002e02                BusFault_Handler
 .text.UsageFault_Handler
                0x0000000008002e04        0x2 Src/stm32f4xx_it.o
                0x0000000008002e04                UsageFault_Handler
 .text.SVC_Handler
                0x0000000008002e06        0x2 Src/stm32f4xx_it.o
                0x0000000008002e06                SVC_Handler
 .text.DebugMon_Handler
                0x0000000008002e08        0x2 Src/stm32f4xx_it.o
                0x0000000008002e08                DebugMon_Handler
 .text.PendSV_Handler
                0x0000000008002e0a        0x2 Src/stm32f4xx_it.o
                0x0000000008002e0a                PendSV_Handler
 .text.SysTick_Handler
                0x0000000008002e0c        0xe Src/stm32f4xx_it.o
                0x0000000008002e0c                SysTick_Handler
 *fill*         0x0000000008002e1a        0x2 
 .text.CAN1_RX1_IRQHandler
                0x0000000008002e1c        0xc Src/stm32f4xx_it.o
                0x0000000008002e1c                CAN1_RX1_IRQHandler
 .text.CAN1_RX0_IRQHandler
                0x0000000008002e28        0x4 Src/stm32f4xx_it.o
                0x0000000008002e28                CAN1_RX0_IRQHandler
 .text.SystemInit
                0x0000000008002e2c       0x4c Src/system_stm32f4xx.o
                0x0000000008002e2c                SystemInit
 .text.Reset_Handler
                0x0000000008002e78       0x50 startup/startup_stm32f446xx.o
                0x0000000008002e78                Reset_Handler
 .text.Default_Handler
                0x0000000008002ec8        0x2 startup/startup_stm32f446xx.o
                0x0000000008002ec8                RTC_Alarm_IRQHandler
                0x0000000008002ec8                EXTI2_IRQHandler
                0x0000000008002ec8                TIM8_CC_IRQHandler
                0x0000000008002ec8                SPI4_IRQHandler
                0x0000000008002ec8                TIM1_CC_IRQHandler
                0x0000000008002ec8                DMA2_Stream5_IRQHandler
                0x0000000008002ec8                DMA1_Stream5_IRQHandler
                0x0000000008002ec8                PVD_IRQHandler
                0x0000000008002ec8                SDIO_IRQHandler
                0x0000000008002ec8                TAMP_STAMP_IRQHandler
                0x0000000008002ec8                CAN2_RX1_IRQHandler
                0x0000000008002ec8                EXTI3_IRQHandler
                0x0000000008002ec8                TIM8_TRG_COM_TIM14_IRQHandler
                0x0000000008002ec8                TIM1_UP_TIM10_IRQHandler
                0x0000000008002ec8                TIM8_UP_TIM13_IRQHandler
                0x0000000008002ec8                I2C3_ER_IRQHandler
                0x0000000008002ec8                FMPI2C1_Event_IRQHandler
                0x0000000008002ec8                EXTI0_IRQHandler
                0x0000000008002ec8                I2C2_EV_IRQHandler
                0x0000000008002ec8                DMA1_Stream2_IRQHandler
                0x0000000008002ec8                FPU_IRQHandler
                0x0000000008002ec8                OTG_HS_WKUP_IRQHandler
                0x0000000008002ec8                CAN2_SCE_IRQHandler
                0x0000000008002ec8                DMA2_Stream2_IRQHandler
                0x0000000008002ec8                SPI1_IRQHandler
                0x0000000008002ec8                TIM6_DAC_IRQHandler
                0x0000000008002ec8                TIM1_BRK_TIM9_IRQHandler
                0x0000000008002ec8                DCMI_IRQHandler
                0x0000000008002ec8                CAN2_RX0_IRQHandler
                0x0000000008002ec8                DMA2_Stream3_IRQHandler
                0x0000000008002ec8                SAI2_IRQHandler
                0x0000000008002ec8                USART6_IRQHandler
                0x0000000008002ec8                USART3_IRQHandler
                0x0000000008002ec8                UART5_IRQHandler
                0x0000000008002ec8                DMA2_Stream0_IRQHandler
                0x0000000008002ec8                TIM4_IRQHandler
                0x0000000008002ec8                QUADSPI_IRQHandler
                0x0000000008002ec8                I2C1_EV_IRQHandler
                0x0000000008002ec8                DMA1_Stream6_IRQHandler
                0x0000000008002ec8                DMA1_Stream1_IRQHandler
                0x0000000008002ec8                UART4_IRQHandler
                0x0000000008002ec8                TIM3_IRQHandler
                0x0000000008002ec8                RCC_IRQHandler
                0x0000000008002ec8                TIM8_BRK_TIM12_IRQHandler
                0x0000000008002ec8                Default_Handler
                0x0000000008002ec8                CEC_IRQHandler
                0x0000000008002ec8                EXTI15_10_IRQHandler
                0x0000000008002ec8                ADC_IRQHandler
                0x0000000008002ec8                DMA1_Stream7_IRQHandler
                0x0000000008002ec8                TIM7_IRQHandler
                0x0000000008002ec8                CAN2_TX_IRQHandler
                0x0000000008002ec8                TIM5_IRQHandler
                0x0000000008002ec8                DMA2_Stream7_IRQHandler
                0x0000000008002ec8                I2C3_EV_IRQHandler
                0x0000000008002ec8                EXTI9_5_IRQHandler
                0x0000000008002ec8                RTC_WKUP_IRQHandler
                0x0000000008002ec8                SPDIF_RX_IRQHandler
                0x0000000008002ec8                SPI2_IRQHandler
                0x0000000008002ec8                OTG_HS_EP1_IN_IRQHandler
                0x0000000008002ec8                DMA1_Stream0_IRQHandler
                0x0000000008002ec8                CAN1_TX_IRQHandler
                0x0000000008002ec8                EXTI4_IRQHandler
                0x0000000008002ec8                OTG_HS_EP1_OUT_IRQHandler
                0x0000000008002ec8                WWDG_IRQHandler
                0x0000000008002ec8                TIM2_IRQHandler
                0x0000000008002ec8                OTG_FS_WKUP_IRQHandler
                0x0000000008002ec8                TIM1_TRG_COM_TIM11_IRQHandler
                0x0000000008002ec8                OTG_HS_IRQHandler
                0x0000000008002ec8                EXTI1_IRQHandler
                0x0000000008002ec8                USART2_IRQHandler
                0x0000000008002ec8                I2C2_ER_IRQHandler
                0x0000000008002ec8                DMA2_Stream1_IRQHandler
                0x0000000008002ec8                CAN1_SCE_IRQHandler
                0x0000000008002ec8                FLASH_IRQHandler
                0x0000000008002ec8                DMA2_Stream4_IRQHandler
                0x0000000008002ec8                USART1_IRQHandler
                0x0000000008002ec8                OTG_FS_IRQHandler
                0x0000000008002ec8                SPI3_IRQHandler
                0x0000000008002ec8                DMA1_Stream4_IRQHandler
                0x0000000008002ec8                I2C1_ER_IRQHandler
                0x0000000008002ec8                FMC_IRQHandler
                0x0000000008002ec8                DMA2_Stream6_IRQHandler
                0x0000000008002ec8                SAI1_IRQHandler
                0x0000000008002ec8                DMA1_Stream3_IRQHandler
                0x0000000008002ec8                FMPI2C1_Error_IRQHandler
 *fill*         0x0000000008002eca        0x2 
 .text.__libc_init_array
                0x0000000008002ecc       0x48 /opt/Atollic_TrueSTUDIO_for_STM32_x86_64_9.0.1/ARMTools/bin/../lib/gcc/arm-atollic-eabi/6.3.1/../../../../arm-atollic-eabi/lib/armv7e-m/fpu/libc_nano.a(lib_a-init.o)
                0x0000000008002ecc                __libc_init_array
 *(.glue_7)
 .glue_7        0x0000000008002f14        0x0 linker stubs
 *(.glue_7t)
 .glue_7t       0x0000000008002f14        0x0 linker stubs
 *(.eh_frame)
 .eh_frame      0x0000000008002f14        0x0 /opt/Atollic_TrueSTUDIO_for_STM32_x86_64_9.0.1/ARMTools/bin/../lib/gcc/arm-atollic-eabi/6.3.1/armv7e-m/fpu/crtbegin.o
 *(.init)
 .init          0x0000000008002f14        0x4 /opt/Atollic_TrueSTUDIO_for_STM32_x86_64_9.0.1/ARMTools/bin/../lib/gcc/arm-atollic-eabi/6.3.1/armv7e-m/fpu/crti.o
                0x0000000008002f14                _init
 .init          0x0000000008002f18        0x8 /opt/Atollic_TrueSTUDIO_for_STM32_x86_64_9.0.1/ARMTools/bin/../lib/gcc/arm-atollic-eabi/6.3.1/armv7e-m/fpu/crtn.o
 *(.fini)
 .fini          0x0000000008002f20        0x4 /opt/Atollic_TrueSTUDIO_for_STM32_x86_64_9.0.1/ARMTools/bin/../lib/gcc/arm-atollic-eabi/6.3.1/armv7e-m/fpu/crti.o
                0x0000000008002f20                _fini
 .fini          0x0000000008002f24        0x8 /opt/Atollic_TrueSTUDIO_for_STM32_x86_64_9.0.1/ARMTools/bin/../lib/gcc/arm-atollic-eabi/6.3.1/armv7e-m/fpu/crtn.o
                0x0000000008002f2c                . = ALIGN (0x4)
                0x0000000008002f2c                _etext = .

.vfp11_veneer   0x0000000008002f2c        0x0
 .vfp11_veneer  0x0000000008002f2c        0x0 linker stubs

.v4_bx          0x0000000008002f2c        0x0
 .v4_bx         0x0000000008002f2c        0x0 linker stubs

.iplt           0x0000000008002f2c        0x0
 .iplt          0x0000000008002f2c        0x0 /opt/Atollic_TrueSTUDIO_for_STM32_x86_64_9.0.1/ARMTools/bin/../lib/gcc/arm-atollic-eabi/6.3.1/armv7e-m/fpu/crtbegin.o

.rodata         0x0000000008002f2c       0x18
                0x0000000008002f2c                . = ALIGN (0x4)
 *(.rodata)
 *(.rodata*)
 .rodata.AHBPrescTable
                0x0000000008002f2c       0x10 Src/system_stm32f4xx.o
                0x0000000008002f2c                AHBPrescTable
 .rodata.APBPrescTable
                0x0000000008002f3c        0x8 Src/system_stm32f4xx.o
                0x0000000008002f3c                APBPrescTable
                0x0000000008002f44                . = ALIGN (0x4)

.ARM.extab
 *(.ARM.extab* .gnu.linkonce.armextab.*)

.ARM            0x0000000008002f44        0x8
                0x0000000008002f44                __exidx_start = .
 *(.ARM.exidx*)
 .ARM.exidx     0x0000000008002f44        0x8 /opt/Atollic_TrueSTUDIO_for_STM32_x86_64_9.0.1/ARMTools/bin/../lib/gcc/arm-atollic-eabi/6.3.1/armv7e-m/fpu/libgcc.a(_udivmoddi4.o)
                0x0000000008002f4c                __exidx_end = .

.rel.dyn        0x0000000008002f4c        0x0
 .rel.iplt      0x0000000008002f4c        0x0 /opt/Atollic_TrueSTUDIO_for_STM32_x86_64_9.0.1/ARMTools/bin/../lib/gcc/arm-atollic-eabi/6.3.1/armv7e-m/fpu/crtbegin.o

.preinit_array  0x0000000008002f4c        0x0
                0x0000000008002f4c                PROVIDE (__preinit_array_start, .)
 *(.preinit_array*)
                0x0000000008002f4c                PROVIDE (__preinit_array_end, .)

.init_array     0x0000000008002f4c        0x4
                0x0000000008002f4c                PROVIDE (__init_array_start, .)
 *(SORT(.init_array.*))
 *(.init_array*)
 .init_array    0x0000000008002f4c        0x4 /opt/Atollic_TrueSTUDIO_for_STM32_x86_64_9.0.1/ARMTools/bin/../lib/gcc/arm-atollic-eabi/6.3.1/armv7e-m/fpu/crtbegin.o
                0x0000000008002f50                PROVIDE (__init_array_end, .)

.fini_array     0x0000000008002f50        0x4
                [!provide]                        PROVIDE (__fini_array_start, .)
 *(SORT(.fini_array.*))
 *(.fini_array*)
 .fini_array    0x0000000008002f50        0x4 /opt/Atollic_TrueSTUDIO_for_STM32_x86_64_9.0.1/ARMTools/bin/../lib/gcc/arm-atollic-eabi/6.3.1/armv7e-m/fpu/crtbegin.o
                [!provide]                        PROVIDE (__fini_array_end, .)
                0x0000000008002f54                _sidata = LOADADDR (.data)

.data           0x0000000020000000        0xc load address 0x0000000008002f54
                0x0000000020000000                . = ALIGN (0x4)
                0x0000000020000000                _sdata = .
 *(.data)
 *(.data*)
 .data.uwTickFreq
                0x0000000020000000        0x1 Drivers/STM32F4xx_HAL_Driver/Src/stm32f4xx_hal.o
                0x0000000020000000                uwTickFreq
 *fill*         0x0000000020000001        0x3 
 .data.uwTickPrio
                0x0000000020000004        0x4 Drivers/STM32F4xx_HAL_Driver/Src/stm32f4xx_hal.o
                0x0000000020000004                uwTickPrio
 .data.SystemCoreClock
                0x0000000020000008        0x4 Src/system_stm32f4xx.o
                0x0000000020000008                SystemCoreClock
                0x000000002000000c                . = ALIGN (0x4)
                0x000000002000000c                _edata = .

.igot.plt       0x000000002000000c        0x0 load address 0x0000000008002f60
 .igot.plt      0x000000002000000c        0x0 /opt/Atollic_TrueSTUDIO_for_STM32_x86_64_9.0.1/ARMTools/bin/../lib/gcc/arm-atollic-eabi/6.3.1/armv7e-m/fpu/crtbegin.o
                0x000000002000000c                . = ALIGN (0x4)

.bss            0x000000002000000c      0x4bc load address 0x0000000008002f60
                0x000000002000000c                _sbss = .
                0x000000002000000c                __bss_start__ = _sbss
 *(.bss)
 .bss           0x000000002000000c       0x1c /opt/Atollic_TrueSTUDIO_for_STM32_x86_64_9.0.1/ARMTools/bin/../lib/gcc/arm-atollic-eabi/6.3.1/armv7e-m/fpu/crtbegin.o
 *(.bss*)
 *(COMMON)
 COMMON         0x0000000020000028        0x4 Drivers/STM32F4xx_HAL_Driver/Src/stm32f4xx_hal.o
                0x0000000020000028                uwTick
 COMMON         0x000000002000002c      0x49c Src/main.o
                0x000000002000002c                hi2c3
                0x0000000020000080                hspi2
                0x00000000200000d8                htim8
                0x0000000020000114                htim4
                0x0000000020000150                huart3
                0x0000000020000190                hadc2
                0x00000000200001d8                htim5
                0x0000000020000214                htim3
                0x0000000020000250                hadc1
                0x0000000020000298                huart1
                0x00000000200002d8                TxData
                0x00000000200002e0                htim1
                0x000000002000031c                TxMailbox
                0x0000000020000320                huart6
                0x0000000020000360                buf
                0x0000000020000428                RxData
                0x0000000020000430                htim2
                0x000000002000046c                hcan1
                0x0000000020000494                TxHeader
                0x00000000200004ac                RxHeader
                0x00000000200004c8                . = ALIGN (0x4)
                0x00000000200004c8                _ebss = .
                0x00000000200004c8                __bss_end__ = _ebss

._user_heap_stack
                0x00000000200004c8      0x600 load address 0x0000000008002f60
                0x00000000200004c8                . = ALIGN (0x4)
                [!provide]                        PROVIDE (end, .)
                [!provide]                        PROVIDE (_end, .)
                0x00000000200006c8                . = (. + _Min_Heap_Size)
 *fill*         0x00000000200004c8      0x200 
                0x0000000020000ac8                . = (. + _Min_Stack_Size)
 *fill*         0x00000000200006c8      0x400 
                0x0000000020000ac8                . = ALIGN (0x4)

/DISCARD/
 libc.a(*)
 libm.a(*)
 libgcc.a(*)

.ARM.attributes
                0x0000000000000000       0x30
 *(.ARM.attributes)
 .ARM.attributes
                0x0000000000000000       0x22 /opt/Atollic_TrueSTUDIO_for_STM32_x86_64_9.0.1/ARMTools/bin/../lib/gcc/arm-atollic-eabi/6.3.1/armv7e-m/fpu/crti.o
 .ARM.attributes
                0x0000000000000022       0x34 /opt/Atollic_TrueSTUDIO_for_STM32_x86_64_9.0.1/ARMTools/bin/../lib/gcc/arm-atollic-eabi/6.3.1/armv7e-m/fpu/crtbegin.o
 .ARM.attributes
                0x0000000000000056       0x39 Drivers/STM32F4xx_HAL_Driver/Src/stm32f4xx_hal.o
 .ARM.attributes
                0x000000000000008f       0x39 Drivers/STM32F4xx_HAL_Driver/Src/stm32f4xx_hal_adc.o
 .ARM.attributes
                0x00000000000000c8       0x39 Drivers/STM32F4xx_HAL_Driver/Src/stm32f4xx_hal_can.o
 .ARM.attributes
                0x0000000000000101       0x39 Drivers/STM32F4xx_HAL_Driver/Src/stm32f4xx_hal_cortex.o
 .ARM.attributes
                0x000000000000013a       0x39 Drivers/STM32F4xx_HAL_Driver/Src/stm32f4xx_hal_gpio.o
 .ARM.attributes
                0x0000000000000173       0x39 Drivers/STM32F4xx_HAL_Driver/Src/stm32f4xx_hal_i2c.o
 .ARM.attributes
                0x00000000000001ac       0x39 Drivers/STM32F4xx_HAL_Driver/Src/stm32f4xx_hal_rcc.o
 .ARM.attributes
                0x00000000000001e5       0x39 Drivers/STM32F4xx_HAL_Driver/Src/stm32f4xx_hal_rcc_ex.o
 .ARM.attributes
                0x000000000000021e       0x39 Drivers/STM32F4xx_HAL_Driver/Src/stm32f4xx_hal_spi.o
 .ARM.attributes
                0x0000000000000257       0x39 Drivers/STM32F4xx_HAL_Driver/Src/stm32f4xx_hal_tim.o
 .ARM.attributes
                0x0000000000000290       0x39 Drivers/STM32F4xx_HAL_Driver/Src/stm32f4xx_hal_tim_ex.o
 .ARM.attributes
                0x00000000000002c9       0x39 Drivers/STM32F4xx_HAL_Driver/Src/stm32f4xx_hal_uart.o
 .ARM.attributes
                0x0000000000000302       0x39 Src/main.o
 .ARM.attributes
                0x000000000000033b       0x39 Src/stm32f4xx_hal_msp.o
 .ARM.attributes
                0x0000000000000374       0x39 Src/stm32f4xx_it.o
 .ARM.attributes
                0x00000000000003ad       0x39 Src/system_stm32f4xx.o
 .ARM.attributes
                0x00000000000003e6       0x21 startup/startup_stm32f446xx.o
 .ARM.attributes
                0x0000000000000407       0x34 /opt/Atollic_TrueSTUDIO_for_STM32_x86_64_9.0.1/ARMTools/bin/../lib/gcc/arm-atollic-eabi/6.3.1/../../../../arm-atollic-eabi/lib/armv7e-m/fpu/libc_nano.a(lib_a-init.o)
 .ARM.attributes
                0x000000000000043b       0x22 /opt/Atollic_TrueSTUDIO_for_STM32_x86_64_9.0.1/ARMTools/bin/../lib/gcc/arm-atollic-eabi/6.3.1/armv7e-m/fpu/libgcc.a(_aeabi_uldivmod.o)
 .ARM.attributes
                0x000000000000045d       0x34 /opt/Atollic_TrueSTUDIO_for_STM32_x86_64_9.0.1/ARMTools/bin/../lib/gcc/arm-atollic-eabi/6.3.1/armv7e-m/fpu/libgcc.a(_udivmoddi4.o)
 .ARM.attributes
                0x0000000000000491       0x22 /opt/Atollic_TrueSTUDIO_for_STM32_x86_64_9.0.1/ARMTools/bin/../lib/gcc/arm-atollic-eabi/6.3.1/armv7e-m/fpu/libgcc.a(_dvmd_tls.o)
 .ARM.attributes
                0x00000000000004b3       0x22 /opt/Atollic_TrueSTUDIO_for_STM32_x86_64_9.0.1/ARMTools/bin/../lib/gcc/arm-atollic-eabi/6.3.1/armv7e-m/fpu/crtn.o
OUTPUT(host-board.elf elf32-littlearm)

.debug_info     0x0000000000000000    0x1d2cb
 .debug_info    0x0000000000000000     0x123e Drivers/STM32F4xx_HAL_Driver/Src/stm32f4xx_hal.o
 .debug_info    0x000000000000123e     0x15ad Drivers/STM32F4xx_HAL_Driver/Src/stm32f4xx_hal_adc.o
 .debug_info    0x00000000000027eb     0x17e0 Drivers/STM32F4xx_HAL_Driver/Src/stm32f4xx_hal_can.o
 .debug_info    0x0000000000003fcb     0x1762 Drivers/STM32F4xx_HAL_Driver/Src/stm32f4xx_hal_cortex.o
 .debug_info    0x000000000000572d      0xfd6 Drivers/STM32F4xx_HAL_Driver/Src/stm32f4xx_hal_gpio.o
 .debug_info    0x0000000000006703     0x3799 Drivers/STM32F4xx_HAL_Driver/Src/stm32f4xx_hal_i2c.o
 .debug_info    0x0000000000009e9c     0x12a9 Drivers/STM32F4xx_HAL_Driver/Src/stm32f4xx_hal_rcc.o
 .debug_info    0x000000000000b145     0x13fa Drivers/STM32F4xx_HAL_Driver/Src/stm32f4xx_hal_rcc_ex.o
 .debug_info    0x000000000000c53f     0x23d2 Drivers/STM32F4xx_HAL_Driver/Src/stm32f4xx_hal_spi.o
 .debug_info    0x000000000000e911     0x3ba2 Drivers/STM32F4xx_HAL_Driver/Src/stm32f4xx_hal_tim.o
 .debug_info    0x00000000000124b3     0x19a5 Drivers/STM32F4xx_HAL_Driver/Src/stm32f4xx_hal_tim_ex.o
 .debug_info    0x0000000000013e58     0x1ea3 Drivers/STM32F4xx_HAL_Driver/Src/stm32f4xx_hal_uart.o
 .debug_info    0x0000000000015cfb     0x31f5 Src/main.o
 .debug_info    0x0000000000018ef0     0x2844 Src/stm32f4xx_hal_msp.o
 .debug_info    0x000000000001b734      0xdc5 Src/stm32f4xx_it.o
 .debug_info    0x000000000001c4f9      0xd50 Src/system_stm32f4xx.o
 .debug_info    0x000000000001d249       0x82 startup/startup_stm32f446xx.o

.debug_abbrev   0x0000000000000000     0x3192
 .debug_abbrev  0x0000000000000000      0x308 Drivers/STM32F4xx_HAL_Driver/Src/stm32f4xx_hal.o
 .debug_abbrev  0x0000000000000308      0x321 Drivers/STM32F4xx_HAL_Driver/Src/stm32f4xx_hal_adc.o
 .debug_abbrev  0x0000000000000629      0x380 Drivers/STM32F4xx_HAL_Driver/Src/stm32f4xx_hal_can.o
 .debug_abbrev  0x00000000000009a9      0x399 Drivers/STM32F4xx_HAL_Driver/Src/stm32f4xx_hal_cortex.o
 .debug_abbrev  0x0000000000000d42      0x268 Drivers/STM32F4xx_HAL_Driver/Src/stm32f4xx_hal_gpio.o
 .debug_abbrev  0x0000000000000faa      0x3b4 Drivers/STM32F4xx_HAL_Driver/Src/stm32f4xx_hal_i2c.o
 .debug_abbrev  0x000000000000135e      0x353 Drivers/STM32F4xx_HAL_Driver/Src/stm32f4xx_hal_rcc.o
 .debug_abbrev  0x00000000000016b1      0x295 Drivers/STM32F4xx_HAL_Driver/Src/stm32f4xx_hal_rcc_ex.o
 .debug_abbrev  0x0000000000001946      0x3ac Drivers/STM32F4xx_HAL_Driver/Src/stm32f4xx_hal_spi.o
 .debug_abbrev  0x0000000000001cf2      0x3ac Drivers/STM32F4xx_HAL_Driver/Src/stm32f4xx_hal_tim.o
 .debug_abbrev  0x000000000000209e      0x300 Drivers/STM32F4xx_HAL_Driver/Src/stm32f4xx_hal_tim_ex.o
 .debug_abbrev  0x000000000000239e      0x397 Drivers/STM32F4xx_HAL_Driver/Src/stm32f4xx_hal_uart.o
 .debug_abbrev  0x0000000000002735      0x37b Src/main.o
 .debug_abbrev  0x0000000000002ab0      0x2b9 Src/stm32f4xx_hal_msp.o
 .debug_abbrev  0x0000000000002d69      0x24d Src/stm32f4xx_it.o
 .debug_abbrev  0x0000000000002fb6      0x1ca Src/system_stm32f4xx.o
 .debug_abbrev  0x0000000000003180       0x12 startup/startup_stm32f446xx.o

.debug_loc      0x0000000000000000     0xb9ab
 .debug_loc     0x0000000000000000      0x11b Drivers/STM32F4xx_HAL_Driver/Src/stm32f4xx_hal.o
 .debug_loc     0x000000000000011b      0x7c5 Drivers/STM32F4xx_HAL_Driver/Src/stm32f4xx_hal_adc.o
 .debug_loc     0x00000000000008e0      0x938 Drivers/STM32F4xx_HAL_Driver/Src/stm32f4xx_hal_can.o
 .debug_loc     0x0000000000001218      0x4fb Drivers/STM32F4xx_HAL_Driver/Src/stm32f4xx_hal_cortex.o
 .debug_loc     0x0000000000001713      0x3cd Drivers/STM32F4xx_HAL_Driver/Src/stm32f4xx_hal_gpio.o
 .debug_loc     0x0000000000001ae0     0x2bba Drivers/STM32F4xx_HAL_Driver/Src/stm32f4xx_hal_i2c.o
 .debug_loc     0x000000000000469a      0x336 Drivers/STM32F4xx_HAL_Driver/Src/stm32f4xx_hal_rcc.o
 .debug_loc     0x00000000000049d0      0xa31 Drivers/STM32F4xx_HAL_Driver/Src/stm32f4xx_hal_rcc_ex.o
 .debug_loc     0x0000000000005401     0x150f Drivers/STM32F4xx_HAL_Driver/Src/stm32f4xx_hal_spi.o
 .debug_loc     0x0000000000006910     0x30b2 Drivers/STM32F4xx_HAL_Driver/Src/stm32f4xx_hal_tim.o
 .debug_loc     0x00000000000099c2      0x84a Drivers/STM32F4xx_HAL_Driver/Src/stm32f4xx_hal_tim_ex.o
 .debug_loc     0x000000000000a20c     0x132c Drivers/STM32F4xx_HAL_Driver/Src/stm32f4xx_hal_uart.o
 .debug_loc     0x000000000000b538       0x63 Src/main.o
 .debug_loc     0x000000000000b59b      0x2f4 Src/stm32f4xx_hal_msp.o
 .debug_loc     0x000000000000b88f      0x11c Src/system_stm32f4xx.o

.debug_aranges  0x0000000000000000      0xd78
 .debug_aranges
                0x0000000000000000       0xd8 Drivers/STM32F4xx_HAL_Driver/Src/stm32f4xx_hal.o
 .debug_aranges
                0x00000000000000d8       0xb8 Drivers/STM32F4xx_HAL_Driver/Src/stm32f4xx_hal_adc.o
 .debug_aranges
                0x0000000000000190       0xc8 Drivers/STM32F4xx_HAL_Driver/Src/stm32f4xx_hal_can.o
 .debug_aranges
                0x0000000000000258       0xa8 Drivers/STM32F4xx_HAL_Driver/Src/stm32f4xx_hal_cortex.o
 .debug_aranges
                0x0000000000000300       0x58 Drivers/STM32F4xx_HAL_Driver/Src/stm32f4xx_hal_gpio.o
 .debug_aranges
                0x0000000000000358      0x190 Drivers/STM32F4xx_HAL_Driver/Src/stm32f4xx_hal_i2c.o
 .debug_aranges
                0x00000000000004e8       0x88 Drivers/STM32F4xx_HAL_Driver/Src/stm32f4xx_hal_rcc.o
 .debug_aranges
                0x0000000000000570       0x78 Drivers/STM32F4xx_HAL_Driver/Src/stm32f4xx_hal_rcc_ex.o
 .debug_aranges
                0x00000000000005e8      0x180 Drivers/STM32F4xx_HAL_Driver/Src/stm32f4xx_hal_spi.o
 .debug_aranges
                0x0000000000000768      0x250 Drivers/STM32F4xx_HAL_Driver/Src/stm32f4xx_hal_tim.o
 .debug_aranges
                0x00000000000009b8       0xf0 Drivers/STM32F4xx_HAL_Driver/Src/stm32f4xx_hal_tim_ex.o
 .debug_aranges
                0x0000000000000aa8      0x170 Drivers/STM32F4xx_HAL_Driver/Src/stm32f4xx_hal_uart.o
 .debug_aranges
                0x0000000000000c18       0x38 Src/main.o
 .debug_aranges
                0x0000000000000c50       0x88 Src/stm32f4xx_hal_msp.o
 .debug_aranges
                0x0000000000000cd8       0x50 Src/stm32f4xx_it.o
 .debug_aranges
                0x0000000000000d28       0x28 Src/system_stm32f4xx.o
 .debug_aranges
                0x0000000000000d50       0x28 startup/startup_stm32f446xx.o

.debug_ranges   0x0000000000000000     0x1340
 .debug_ranges  0x0000000000000000       0xc8 Drivers/STM32F4xx_HAL_Driver/Src/stm32f4xx_hal.o
 .debug_ranges  0x00000000000000c8       0xc8 Drivers/STM32F4xx_HAL_Driver/Src/stm32f4xx_hal_adc.o
 .debug_ranges  0x0000000000000190       0xb8 Drivers/STM32F4xx_HAL_Driver/Src/stm32f4xx_hal_can.o
 .debug_ranges  0x0000000000000248      0x138 Drivers/STM32F4xx_HAL_Driver/Src/stm32f4xx_hal_cortex.o
 .debug_ranges  0x0000000000000380       0x68 Drivers/STM32F4xx_HAL_Driver/Src/stm32f4xx_hal_gpio.o
 .debug_ranges  0x00000000000003e8      0x358 Drivers/STM32F4xx_HAL_Driver/Src/stm32f4xx_hal_i2c.o
 .debug_ranges  0x0000000000000740       0xb0 Drivers/STM32F4xx_HAL_Driver/Src/stm32f4xx_hal_rcc.o
 .debug_ranges  0x00000000000007f0       0x80 Drivers/STM32F4xx_HAL_Driver/Src/stm32f4xx_hal_rcc_ex.o
 .debug_ranges  0x0000000000000870      0x1d0 Drivers/STM32F4xx_HAL_Driver/Src/stm32f4xx_hal_spi.o
 .debug_ranges  0x0000000000000a40      0x330 Drivers/STM32F4xx_HAL_Driver/Src/stm32f4xx_hal_tim.o
 .debug_ranges  0x0000000000000d70       0xe0 Drivers/STM32F4xx_HAL_Driver/Src/stm32f4xx_hal_tim_ex.o
 .debug_ranges  0x0000000000000e50      0x178 Drivers/STM32F4xx_HAL_Driver/Src/stm32f4xx_hal_uart.o
 .debug_ranges  0x0000000000000fc8      0x170 Src/main.o
 .debug_ranges  0x0000000000001138      0x190 Src/stm32f4xx_hal_msp.o
 .debug_ranges  0x00000000000012c8       0x40 Src/stm32f4xx_it.o
 .debug_ranges  0x0000000000001308       0x18 Src/system_stm32f4xx.o
 .debug_ranges  0x0000000000001320       0x20 startup/startup_stm32f446xx.o

.debug_line     0x0000000000000000     0x81b9
 .debug_line    0x0000000000000000      0x471 Drivers/STM32F4xx_HAL_Driver/Src/stm32f4xx_hal.o
 .debug_line    0x0000000000000471      0x73f Drivers/STM32F4xx_HAL_Driver/Src/stm32f4xx_hal_adc.o
 .debug_line    0x0000000000000bb0      0x6f5 Drivers/STM32F4xx_HAL_Driver/Src/stm32f4xx_hal_can.o
 .debug_line    0x00000000000012a5      0x4bb Drivers/STM32F4xx_HAL_Driver/Src/stm32f4xx_hal_cortex.o
 .debug_line    0x0000000000001760      0x454 Drivers/STM32F4xx_HAL_Driver/Src/stm32f4xx_hal_gpio.o
 .debug_line    0x0000000000001bb4     0x1866 Drivers/STM32F4xx_HAL_Driver/Src/stm32f4xx_hal_i2c.o
 .debug_line    0x000000000000341a      0x56a Drivers/STM32F4xx_HAL_Driver/Src/stm32f4xx_hal_rcc.o
 .debug_line    0x0000000000003984      0x769 Drivers/STM32F4xx_HAL_Driver/Src/stm32f4xx_hal_rcc_ex.o
 .debug_line    0x00000000000040ed      0xb91 Drivers/STM32F4xx_HAL_Driver/Src/stm32f4xx_hal_spi.o
 .debug_line    0x0000000000004c7e     0x115e Drivers/STM32F4xx_HAL_Driver/Src/stm32f4xx_hal_tim.o
 .debug_line    0x0000000000005ddc      0x6aa Drivers/STM32F4xx_HAL_Driver/Src/stm32f4xx_hal_tim_ex.o
 .debug_line    0x0000000000006486      0xbce Drivers/STM32F4xx_HAL_Driver/Src/stm32f4xx_hal_uart.o
 .debug_line    0x0000000000007054      0x584 Src/main.o
 .debug_line    0x00000000000075d8      0x616 Src/stm32f4xx_hal_msp.o
 .debug_line    0x0000000000007bee      0x2f8 Src/stm32f4xx_it.o
 .debug_line    0x0000000000007ee6      0x254 Src/system_stm32f4xx.o
 .debug_line    0x000000000000813a       0x7f startup/startup_stm32f446xx.o

.debug_str      0x0000000000000000     0x579f
 .debug_str     0x0000000000000000      0xf64 Drivers/STM32F4xx_HAL_Driver/Src/stm32f4xx_hal.o
                                       0x102a (size before relaxing)
 .debug_str     0x0000000000000f64      0x6bf Drivers/STM32F4xx_HAL_Driver/Src/stm32f4xx_hal_adc.o
                                        0xdc4 (size before relaxing)
 .debug_str     0x0000000000001623      0x791 Drivers/STM32F4xx_HAL_Driver/Src/stm32f4xx_hal_can.o
                                        0xee2 (size before relaxing)
 .debug_str     0x0000000000001db4      0x3c3 Drivers/STM32F4xx_HAL_Driver/Src/stm32f4xx_hal_cortex.o
                                       0x10dc (size before relaxing)
 .debug_str     0x0000000000002177      0x1cd Drivers/STM32F4xx_HAL_Driver/Src/stm32f4xx_hal_gpio.o
                                        0x996 (size before relaxing)
 .debug_str     0x0000000000002344      0xa6c Drivers/STM32F4xx_HAL_Driver/Src/stm32f4xx_hal_i2c.o
                                       0x13bc (size before relaxing)
 .debug_str     0x0000000000002db0      0x2ce Drivers/STM32F4xx_HAL_Driver/Src/stm32f4xx_hal_rcc.o
                                        0xb6e (size before relaxing)
 .debug_str     0x000000000000307e      0x347 Drivers/STM32F4xx_HAL_Driver/Src/stm32f4xx_hal_rcc_ex.o
                                        0xc71 (size before relaxing)
 .debug_str     0x00000000000033c5      0x67d Drivers/STM32F4xx_HAL_Driver/Src/stm32f4xx_hal_spi.o
                                        0xffb (size before relaxing)
 .debug_str     0x0000000000003a42      0xeda Drivers/STM32F4xx_HAL_Driver/Src/stm32f4xx_hal_tim.o
                                       0x1836 (size before relaxing)
 .debug_str     0x000000000000491c      0x50d Drivers/STM32F4xx_HAL_Driver/Src/stm32f4xx_hal_tim_ex.o
                                       0x10f6 (size before relaxing)
 .debug_str     0x0000000000004e29      0x675 Drivers/STM32F4xx_HAL_Driver/Src/stm32f4xx_hal_uart.o
                                       0x1073 (size before relaxing)
 .debug_str     0x000000000000549e      0x1c9 Src/main.o
                                       0x22b3 (size before relaxing)
 .debug_str     0x0000000000005667       0x25 Src/stm32f4xx_hal_msp.o
                                       0x1be1 (size before relaxing)
 .debug_str     0x000000000000568c       0xce Src/stm32f4xx_it.o
                                        0x9d3 (size before relaxing)
 .debug_str     0x000000000000575a       0x45 Src/system_stm32f4xx.o
                                        0x7fa (size before relaxing)

.comment        0x0000000000000000       0x7c
 .comment       0x0000000000000000       0x7c Drivers/STM32F4xx_HAL_Driver/Src/stm32f4xx_hal.o
                                         0x7d (size before relaxing)
 .comment       0x000000000000007c       0x7d Drivers/STM32F4xx_HAL_Driver/Src/stm32f4xx_hal_adc.o
 .comment       0x000000000000007c       0x7d Drivers/STM32F4xx_HAL_Driver/Src/stm32f4xx_hal_can.o
 .comment       0x000000000000007c       0x7d Drivers/STM32F4xx_HAL_Driver/Src/stm32f4xx_hal_cortex.o
 .comment       0x000000000000007c       0x7d Drivers/STM32F4xx_HAL_Driver/Src/stm32f4xx_hal_gpio.o
 .comment       0x000000000000007c       0x7d Drivers/STM32F4xx_HAL_Driver/Src/stm32f4xx_hal_i2c.o
 .comment       0x000000000000007c       0x7d Drivers/STM32F4xx_HAL_Driver/Src/stm32f4xx_hal_rcc.o
 .comment       0x000000000000007c       0x7d Drivers/STM32F4xx_HAL_Driver/Src/stm32f4xx_hal_rcc_ex.o
 .comment       0x000000000000007c       0x7d Drivers/STM32F4xx_HAL_Driver/Src/stm32f4xx_hal_spi.o
 .comment       0x000000000000007c       0x7d Drivers/STM32F4xx_HAL_Driver/Src/stm32f4xx_hal_tim.o
 .comment       0x000000000000007c       0x7d Drivers/STM32F4xx_HAL_Driver/Src/stm32f4xx_hal_tim_ex.o
 .comment       0x000000000000007c       0x7d Drivers/STM32F4xx_HAL_Driver/Src/stm32f4xx_hal_uart.o
 .comment       0x000000000000007c       0x7d Src/main.o
 .comment       0x000000000000007c       0x7d Src/stm32f4xx_hal_msp.o
 .comment       0x000000000000007c       0x7d Src/stm32f4xx_it.o
 .comment       0x000000000000007c       0x7d Src/system_stm32f4xx.o

.debug_frame    0x0000000000000000     0x2ba4
 .debug_frame   0x0000000000000000      0x1d0 Drivers/STM32F4xx_HAL_Driver/Src/stm32f4xx_hal.o
 .debug_frame   0x00000000000001d0      0x244 Drivers/STM32F4xx_HAL_Driver/Src/stm32f4xx_hal_adc.o
 .debug_frame   0x0000000000000414      0x2cc Drivers/STM32F4xx_HAL_Driver/Src/stm32f4xx_hal_can.o
 .debug_frame   0x00000000000006e0      0x158 Drivers/STM32F4xx_HAL_Driver/Src/stm32f4xx_hal_cortex.o
 .debug_frame   0x0000000000000838       0xd8 Drivers/STM32F4xx_HAL_Driver/Src/stm32f4xx_hal_gpio.o
 .debug_frame   0x0000000000000910      0x684 Drivers/STM32F4xx_HAL_Driver/Src/stm32f4xx_hal_i2c.o
 .debug_frame   0x0000000000000f94      0x13c Drivers/STM32F4xx_HAL_Driver/Src/stm32f4xx_hal_rcc.o
 .debug_frame   0x00000000000010d0      0x150 Drivers/STM32F4xx_HAL_Driver/Src/stm32f4xx_hal_rcc_ex.o
 .debug_frame   0x0000000000001220      0x560 Drivers/STM32F4xx_HAL_Driver/Src/stm32f4xx_hal_spi.o
 .debug_frame   0x0000000000001780      0x854 Drivers/STM32F4xx_HAL_Driver/Src/stm32f4xx_hal_tim.o
 .debug_frame   0x0000000000001fd4      0x330 Drivers/STM32F4xx_HAL_Driver/Src/stm32f4xx_hal_tim_ex.o
 .debug_frame   0x0000000000002304      0x4a0 Drivers/STM32F4xx_HAL_Driver/Src/stm32f4xx_hal_uart.o
 .debug_frame   0x00000000000027a4       0x84 Src/main.o
 .debug_frame   0x0000000000002828      0x1ec Src/stm32f4xx_hal_msp.o
 .debug_frame   0x0000000000002a14       0xcc Src/stm32f4xx_it.o
 .debug_frame   0x0000000000002ae0       0x38 Src/system_stm32f4xx.o
 .debug_frame   0x0000000000002b18       0x2c /opt/Atollic_TrueSTUDIO_for_STM32_x86_64_9.0.1/ARMTools/bin/../lib/gcc/arm-atollic-eabi/6.3.1/../../../../arm-atollic-eabi/lib/armv7e-m/fpu/libc_nano.a(lib_a-init.o)
 .debug_frame   0x0000000000002b44       0x2c /opt/Atollic_TrueSTUDIO_for_STM32_x86_64_9.0.1/ARMTools/bin/../lib/gcc/arm-atollic-eabi/6.3.1/armv7e-m/fpu/libgcc.a(_aeabi_uldivmod.o)
 .debug_frame   0x0000000000002b70       0x34 /opt/Atollic_TrueSTUDIO_for_STM32_x86_64_9.0.1/ARMTools/bin/../lib/gcc/arm-atollic-eabi/6.3.1/armv7e-m/fpu/libgcc.a(_udivmoddi4.o)
