Archive member included to satisfy reference by file (symbol)

/opt/Atollic_TrueSTUDIO_for_STM32_x86_64_9.0.1/ARMTools/bin/../lib/gcc/arm-atollic-eabi/6.3.1/../../../../arm-atollic-eabi/lib/armv7e-m/fpu/libc_nano.a(lib_a-init.o)
                              startup/startup_stm32f446xx.o (__libc_init_array)
/opt/Atollic_TrueSTUDIO_for_STM32_x86_64_9.0.1/ARMTools/bin/../lib/gcc/arm-atollic-eabi/6.3.1/armv7e-m/fpu/libgcc.a(_aeabi_uldivmod.o)
                              Drivers/STM32F4xx_HAL_Driver/Src/stm32f4xx_hal_rcc.o (__aeabi_uldivmod)
/opt/Atollic_TrueSTUDIO_for_STM32_x86_64_9.0.1/ARMTools/bin/../lib/gcc/arm-atollic-eabi/6.3.1/armv7e-m/fpu/libgcc.a(_udivmoddi4.o)
                              /opt/Atollic_TrueSTUDIO_for_STM32_x86_64_9.0.1/ARMTools/bin/../lib/gcc/arm-atollic-eabi/6.3.1/armv7e-m/fpu/libgcc.a(_aeabi_uldivmod.o) (__udivmoddi4)
/opt/Atollic_TrueSTUDIO_for_STM32_x86_64_9.0.1/ARMTools/bin/../lib/gcc/arm-atollic-eabi/6.3.1/armv7e-m/fpu/libgcc.a(_dvmd_tls.o)
                              /opt/Atollic_TrueSTUDIO_for_STM32_x86_64_9.0.1/ARMTools/bin/../lib/gcc/arm-atollic-eabi/6.3.1/armv7e-m/fpu/libgcc.a(_aeabi_uldivmod.o) (__aeabi_ldiv0)

Allocating common symbols
Common symbol       size              file

retSD               0x1               Src/fatfs.o
hi2c3               0x54              Src/main.o
hspi2               0x58              Src/main.o
htim8               0x3c              Src/main.o
htim4               0x3c              Src/main.o
huart3              0x40              Src/main.o
hadc2               0x48              Src/main.o
byteswritten        0x4               Src/data_logger.o
uwTick              0x4               Drivers/STM32F4xx_HAL_Driver/Src/stm32f4xx_hal.o
pFlash              0x20              Drivers/STM32F4xx_HAL_Driver/Src/stm32f4xx_hal_flash.o
htim5               0x3c              Src/main.o
message             0xa               Src/data_logger.o
htim3               0x3c              Src/main.o
hadc1               0x48              Src/main.o
huart1              0x40              Src/main.o
SDPath              0x4               Src/data_logger.o
SDFatFs             0x230             Src/data_logger.o
TxData              0x8               Src/main.o
htim1               0x3c              Src/main.o
hsd                 0x84              Src/main.o
MyFile              0x230             Src/data_logger.o
TxMailbox           0x4               Src/main.o
huart6              0x40              Src/main.o
buf                 0xc8              Src/main.o
RxData              0x8               Src/main.o
htim2               0x3c              Src/main.o
SDFile              0x230             Src/fatfs.o
hcan1               0x28              Src/main.o
res                 0x1               Src/data_logger.o
TxHeader            0x18              Src/main.o
RxHeader            0x1c              Src/main.o
SDFatFS             0x230             Src/fatfs.o

Discarded input sections

 .text          0x0000000000000000        0x0 /opt/Atollic_TrueSTUDIO_for_STM32_x86_64_9.0.1/ARMTools/bin/../lib/gcc/arm-atollic-eabi/6.3.1/armv7e-m/fpu/crti.o
 .data          0x0000000000000000        0x0 /opt/Atollic_TrueSTUDIO_for_STM32_x86_64_9.0.1/ARMTools/bin/../lib/gcc/arm-atollic-eabi/6.3.1/armv7e-m/fpu/crti.o
 .bss           0x0000000000000000        0x0 /opt/Atollic_TrueSTUDIO_for_STM32_x86_64_9.0.1/ARMTools/bin/../lib/gcc/arm-atollic-eabi/6.3.1/armv7e-m/fpu/crti.o
 .data          0x0000000000000000        0x4 /opt/Atollic_TrueSTUDIO_for_STM32_x86_64_9.0.1/ARMTools/bin/../lib/gcc/arm-atollic-eabi/6.3.1/armv7e-m/fpu/crtbegin.o
 .text          0x0000000000000000        0x0 Drivers/STM32F4xx_HAL_Driver/Src/stm32f4xx_hal.o
 .data          0x0000000000000000        0x0 Drivers/STM32F4xx_HAL_Driver/Src/stm32f4xx_hal.o
 .bss           0x0000000000000000        0x0 Drivers/STM32F4xx_HAL_Driver/Src/stm32f4xx_hal.o
 .text.HAL_MspInit
                0x0000000000000000        0x2 Drivers/STM32F4xx_HAL_Driver/Src/stm32f4xx_hal.o
 .text.HAL_MspDeInit
                0x0000000000000000        0x2 Drivers/STM32F4xx_HAL_Driver/Src/stm32f4xx_hal.o
 .text.HAL_DeInit
                0x0000000000000000       0x2c Drivers/STM32F4xx_HAL_Driver/Src/stm32f4xx_hal.o
 .text.HAL_GetTickPrio
                0x0000000000000000        0xc Drivers/STM32F4xx_HAL_Driver/Src/stm32f4xx_hal.o
 .text.HAL_SetTickFreq
                0x0000000000000000       0x24 Drivers/STM32F4xx_HAL_Driver/Src/stm32f4xx_hal.o
 .text.HAL_GetTickFreq
                0x0000000000000000        0xc Drivers/STM32F4xx_HAL_Driver/Src/stm32f4xx_hal.o
 .text.HAL_SuspendTick
                0x0000000000000000       0x10 Drivers/STM32F4xx_HAL_Driver/Src/stm32f4xx_hal.o
 .text.HAL_ResumeTick
                0x0000000000000000       0x10 Drivers/STM32F4xx_HAL_Driver/Src/stm32f4xx_hal.o
 .text.HAL_GetHalVersion
                0x0000000000000000        0x8 Drivers/STM32F4xx_HAL_Driver/Src/stm32f4xx_hal.o
 .text.HAL_GetREVID
[...]
Memory Configuration

Name             Origin             Length             Attributes
RAM              0x0000000020000000 0x0000000000020000 xrw
FLASH            0x0000000008000000 0x0000000000080000 xr
*default*        0x0000000000000000 0xffffffffffffffff

Linker script and memory map

LOAD /opt/Atollic_TrueSTUDIO_for_STM32_x86_64_9.0.1/ARMTools/bin/../lib/gcc/arm-atollic-eabi/6.3.1/armv7e-m/fpu/crti.o
LOAD /opt/Atollic_TrueSTUDIO_for_STM32_x86_64_9.0.1/ARMTools/bin/../lib/gcc/arm-atollic-eabi/6.3.1/armv7e-m/fpu/crtbegin.o
LOAD Drivers/STM32F4xx_HAL_Driver/Src/stm32f4xx_hal.o
LOAD Drivers/STM32F4xx_HAL_Driver/Src/stm32f4xx_hal_adc.o
LOAD Drivers/STM32F4xx_HAL_Driver/Src/stm32f4xx_hal_adc_ex.o
LOAD Drivers/STM32F4xx_HAL_Driver/Src/stm32f4xx_hal_can.o
LOAD Drivers/STM32F4xx_HAL_Driver/Src/stm32f4xx_hal_cortex.o
LOAD Drivers/STM32F4xx_HAL_Driver/Src/stm32f4xx_hal_dma.o
LOAD Drivers/STM32F4xx_HAL_Driver/Src/stm32f4xx_hal_dma_ex.o
LOAD Drivers/STM32F4xx_HAL_Driver/Src/stm32f4xx_hal_flash.o
LOAD Drivers/STM32F4xx_HAL_Driver/Src/stm32f4xx_hal_flash_ex.o
LOAD Drivers/STM32F4xx_HAL_Driver/Src/stm32f4xx_hal_flash_ramfunc.o
LOAD Drivers/STM32F4xx_HAL_Driver/Src/stm32f4xx_hal_gpio.o
LOAD Drivers/STM32F4xx_HAL_Driver/Src/stm32f4xx_hal_i2c.o
LOAD Drivers/STM32F4xx_HAL_Driver/Src/stm32f4xx_hal_i2c_ex.o
LOAD Drivers/STM32F4xx_HAL_Driver/Src/stm32f4xx_hal_pwr.o
LOAD Drivers/STM32F4xx_HAL_Driver/Src/stm32f4xx_hal_pwr_ex.o
LOAD Drivers/STM32F4xx_HAL_Driver/Src/stm32f4xx_hal_rcc.o
LOAD Drivers/STM32F4xx_HAL_Driver/Src/stm32f4xx_hal_rcc_ex.o
LOAD Drivers/STM32F4xx_HAL_Driver/Src/stm32f4xx_hal_sd.o
LOAD Drivers/STM32F4xx_HAL_Driver/Src/stm32f4xx_hal_spi.o
LOAD Drivers/STM32F4xx_HAL_Driver/Src/stm32f4xx_hal_tim.o
LOAD Drivers/STM32F4xx_HAL_Driver/Src/stm32f4xx_hal_tim_ex.o
LOAD Drivers/STM32F4xx_HAL_Driver/Src/stm32f4xx_hal_uart.o
LOAD Drivers/STM32F4xx_HAL_Driver/Src/stm32f4xx_ll_sdmmc.o
LOAD Middlewares/Third_Party/FatFs/src/diskio.o
LOAD Middlewares/Third_Party/FatFs/src/ff.o
LOAD Middlewares/Third_Party/FatFs/src/ff_gen_drv.o
LOAD Middlewares/Third_Party/FatFs/src/option/syscall.o
LOAD Src/bsp_driver_sd.o
LOAD Src/data_logger.o
LOAD Src/fatfs.o
LOAD Src/main.o
LOAD Src/sd_diskio.o
LOAD Src/stm32f4xx_hal_msp.o
LOAD Src/stm32f4xx_it.o
LOAD Src/system_stm32f4xx.o
LOAD startup/startup_stm32f446xx.o
                0x0000000000000080                malloc_getpagesize_P = 0x80
START GROUP
LOAD /opt/Atollic_TrueSTUDIO_for_STM32_x86_64_9.0.1/ARMTools/bin/../lib/gcc/arm-atollic-eabi/6.3.1/../../../../arm-atollic-eabi/lib/armv7e-m/fpu/libc_nano.a
LOAD /opt/Atollic_TrueSTUDIO_for_STM32_x86_64_9.0.1/ARMTools/bin/../lib/gcc/arm-atollic-eabi/6.3.1/../../../../arm-atollic-eabi/lib/armv7e-m/fpu/libm.a
END GROUP
START GROUP
LOAD /opt/Atollic_TrueSTUDIO_for_STM32_x86_64_9.0.1/ARMTools/bin/../lib/gcc/arm-atollic-eabi/6.3.1/armv7e-m/fpu/libgcc.a
LOAD /opt/Atollic_TrueSTUDIO_for_STM32_x86_64_9.0.1/ARMTools/bin/../lib/gcc/arm-atollic-eabi/6.3.1/../../../../arm-atollic-eabi/lib/armv7e-m/fpu/libc_nano.a
END GROUP
START GROUP
LOAD /opt/Atollic_TrueSTUDIO_for_STM32_x86_64_9.0.1/ARMTools/bin/../lib/gcc/arm-atollic-eabi/6.3.1/armv7e-m/fpu/libgcc.a
LOAD /opt/Atollic_TrueSTUDIO_for_STM32_x86_64_9.0.1/ARMTools/bin/../lib/gcc/arm-atollic-eabi/6.3.1/../../../../arm-atollic-eabi/lib/armv7e-m/fpu/libc_nano.a
LOAD /opt/Atollic_TrueSTUDIO_for_STM32_x86_64_9.0.1/ARMTools/bin/../lib/gcc/arm-atollic-eabi/6.3.1/../../../../arm-atollic-eabi/lib/armv7e-m/fpu/libnosys.a
END GROUP
START GROUP
LOAD /opt/Atollic_TrueSTUDIO_for_STM32_x86_64_9.0.1/ARMTools/bin/../lib/gcc/arm-atollic-eabi/6.3.1/armv7e-m/fpu/libgcc.a
LOAD /opt/Atollic_TrueSTUDIO_for_STM32_x86_64_9.0.1/ARMTools/bin/../lib/gcc/arm-atollic-eabi/6.3.1/../../../../arm-atollic-eabi/lib/armv7e-m/fpu/libc_nano.a
LOAD /opt/Atollic_TrueSTUDIO_for_STM32_x86_64_9.0.1/ARMTools/bin/../lib/gcc/arm-atollic-eabi/6.3.1/../../../../arm-atollic-eabi/lib/armv7e-m/fpu/libnosys.a
END GROUP
LOAD /opt/Atollic_TrueSTUDIO_for_STM32_x86_64_9.0.1/ARMTools/bin/../lib/gcc/arm-atollic-eabi/6.3.1/armv7e-m/fpu/crtend.o
LOAD /opt/Atollic_TrueSTUDIO_for_STM32_x86_64_9.0.1/ARMTools/bin/../lib/gcc/arm-atollic-eabi/6.3.1/armv7e-m/fpu/crtn.o
                0x0000000020020000                _estack = 0x20020000
                0x0000000000000200                _Min_Heap_Size = 0x200
                0x0000000000000400                _Min_Stack_Size = 0x400

.isr_vector     0x0000000008000000      0x1c4
                0x0000000008000000                . = ALIGN (0x4)
 *(.isr_vector)
 .isr_vector    0x0000000008000000      0x1c4 startup/startup_stm32f446xx.o
                0x0000000008000000                g_pfnVectors
                0x00000000080001c4                . = ALIGN (0x4)

.text           0x00000000080001c4     0x59cc
                0x00000000080001c4                . = ALIGN (0x4)
 *(.text)
 .text          0x00000000080001c4       0x40 /opt/Atollic_TrueSTUDIO_for_STM32_x86_64_9.0.1/ARMTools/bin/../lib/gcc/arm-atollic-eabi/6.3.1/armv7e-m/fpu/crtbegin.o
 .text          0x0000000008000204       0x30 /opt/Atollic_TrueSTUDIO_for_STM32_x86_64_9.0.1/ARMTools/bin/../lib/gcc/arm-atollic-eabi/6.3.1/armv7e-m/fpu/libgcc.a(_aeabi_uldivmod.o)
                0x0000000008000204                __aeabi_uldivmod
 .text          0x0000000008000234      0x2dc /opt/Atollic_TrueSTUDIO_for_STM32_x86_64_9.0.1/ARMTools/bin/../lib/gcc/arm-atollic-eabi/6.3.1/armv7e-m/fpu/libgcc.a(_udivmoddi4.o)
                0x0000000008000234                __udivmoddi4
 .text          0x0000000008000510        0x4 /opt/Atollic_TrueSTUDIO_for_STM32_x86_64_9.0.1/ARMTools/bin/../lib/gcc/arm-atollic-eabi/6.3.1/armv7e-m/fpu/libgcc.a(_dvmd_tls.o)
                0x0000000008000510                __aeabi_ldiv0
                0x0000000008000510                __aeabi_idiv0
 *(.text*)
 .text.HAL_InitTick
                0x0000000008000514       0x48 Drivers/STM32F4xx_HAL_Driver/Src/stm32f4xx_hal.o
                0x0000000008000514                HAL_InitTick
 .text.HAL_Init
                0x000000000800055c       0x34 Drivers/STM32F4xx_HAL_Driver/Src/stm32f4xx_hal.o
                0x000000000800055c                HAL_Init
 .text.HAL_IncTick
                0x0000000008000590       0x18 Drivers/STM32F4xx_HAL_Driver/Src/stm32f4xx_hal.o
                0x0000000008000590                HAL_IncTick
 .text.HAL_GetTick
                0x00000000080005a8        0xc Drivers/STM32F4xx_HAL_Driver/Src/stm32f4xx_hal.o
                0x00000000080005a8                HAL_GetTick
 .text.HAL_Delay
                0x00000000080005b4       0x28 Drivers/STM32F4xx_HAL_Driver/Src/stm32f4xx_hal.o
                0x00000000080005b4                HAL_Delay
 .text.HAL_ADC_Init
                0x00000000080005dc      0x148 Drivers/STM32F4xx_HAL_Driver/Src/stm32f4xx_hal_adc.o
                0x00000000080005dc                HAL_ADC_Init
 .text.HAL_ADC_ConfigChannel
                0x0000000008000724      0x130 Drivers/STM32F4xx_HAL_Driver/Src/stm32f4xx_hal_adc.o
                0x0000000008000724                HAL_ADC_ConfigChannel
 .text.HAL_CAN_Init
                0x0000000008000854       0xf6 Drivers/STM32F4xx_HAL_Driver/Src/stm32f4xx_hal_can.o
                0x0000000008000854                HAL_CAN_Init
 *fill*         0x000000000800094a        0x2 
 .text.HAL_CAN_ConfigFilter
                0x000000000800094c      0x114 Drivers/STM32F4xx_HAL_Driver/Src/stm32f4xx_hal_can.o
                0x000000000800094c                HAL_CAN_ConfigFilter
 .text.HAL_CAN_Start
                0x0000000008000a60       0x56 Drivers/STM32F4xx_HAL_Driver/Src/stm32f4xx_hal_can.o
                0x0000000008000a60                HAL_CAN_Start
 .text.HAL_CAN_AddTxMessage
                0x0000000008000ab6       0x9e Drivers/STM32F4xx_HAL_Driver/Src/stm32f4xx_hal_can.o
                0x0000000008000ab6                HAL_CAN_AddTxMessage
 .text.HAL_CAN_GetRxMessage
                0x0000000008000b54       0xfc Drivers/STM32F4xx_HAL_Driver/Src/stm32f4xx_hal_can.o
                0x0000000008000b54                HAL_CAN_GetRxMessage
 .text.HAL_CAN_GetRxFifoFillLevel
                0x0000000008000c50       0x24 Drivers/STM32F4xx_HAL_Driver/Src/stm32f4xx_hal_can.o
                0x0000000008000c50                HAL_CAN_GetRxFifoFillLevel
 .text.HAL_NVIC_SetPriorityGrouping
                0x0000000008000c74       0x24 Drivers/STM32F4xx_HAL_Driver/Src/stm32f4xx_hal_cortex.o
                0x0000000008000c74                HAL_NVIC_SetPriorityGrouping
 .text.HAL_NVIC_SetPriority
                0x0000000008000c98       0x68 Drivers/STM32F4xx_HAL_Driver/Src/stm32f4xx_hal_cortex.o
                0x0000000008000c98                HAL_NVIC_SetPriority
 .text.HAL_SYSTICK_Config
                0x0000000008000d00       0x2c Drivers/STM32F4xx_HAL_Driver/Src/stm32f4xx_hal_cortex.o
                0x0000000008000d00                HAL_SYSTICK_Config
 .text.HAL_SYSTICK_CLKSourceConfig
                0x0000000008000d2c       0x18 Drivers/STM32F4xx_HAL_Driver/Src/stm32f4xx_hal_cortex.o
                0x0000000008000d2c                HAL_SYSTICK_CLKSourceConfig
 .text.HAL_SYSTICK_Callback
                0x0000000008000d44        0x2 Drivers/STM32F4xx_HAL_Driver/Src/stm32f4xx_hal_cortex.o
                0x0000000008000d44                HAL_SYSTICK_Callback
 .text.HAL_SYSTICK_IRQHandler
                0x0000000008000d46        0x8 Drivers/STM32F4xx_HAL_Driver/Src/stm32f4xx_hal_cortex.o
                0x0000000008000d46                HAL_SYSTICK_IRQHandler
 *fill*         0x0000000008000d4e        0x2 
 .text.HAL_GPIO_Init
                0x0000000008000d50      0x1b4 Drivers/STM32F4xx_HAL_Driver/Src/stm32f4xx_hal_gpio.o
                0x0000000008000d50                HAL_GPIO_Init
 .text.HAL_I2C_Init
                0x0000000008000f04       0xdc Drivers/STM32F4xx_HAL_Driver/Src/stm32f4xx_hal_i2c.o
                0x0000000008000f04                HAL_I2C_Init
 .text.HAL_RCC_ClockConfig
                0x0000000008000fe0      0x134 Drivers/STM32F4xx_HAL_Driver/Src/stm32f4xx_hal_rcc.o
                0x0000000008000fe0                HAL_RCC_ClockConfig
 .text.HAL_RCC_GetHCLKFreq
                0x0000000008001114        0xc Drivers/STM32F4xx_HAL_Driver/Src/stm32f4xx_hal_rcc.o
                0x0000000008001114                HAL_RCC_GetHCLKFreq
 .text.HAL_RCC_GetPCLK1Freq
                0x0000000008001120       0x20 Drivers/STM32F4xx_HAL_Driver/Src/stm32f4xx_hal_rcc.o
                0x0000000008001120                HAL_RCC_GetPCLK1Freq
 .text.HAL_RCC_GetPCLK2Freq
                0x0000000008001140       0x20 Drivers/STM32F4xx_HAL_Driver/Src/stm32f4xx_hal_rcc.o
                0x0000000008001140                HAL_RCC_GetPCLK2Freq
 .text.HAL_RCCEx_PeriphCLKConfig
                0x0000000008001160      0x410 Drivers/STM32F4xx_HAL_Driver/Src/stm32f4xx_hal_rcc_ex.o
                0x0000000008001160                HAL_RCCEx_PeriphCLKConfig
 .text.HAL_RCC_GetSysClockFreq
                0x0000000008001570       0x90 Drivers/STM32F4xx_HAL_Driver/Src/stm32f4xx_hal_rcc_ex.o
                0x0000000008001570                HAL_RCC_GetSysClockFreq
 .text.HAL_RCC_OscConfig
                0x0000000008001600      0x334 Drivers/STM32F4xx_HAL_Driver/Src/stm32f4xx_hal_rcc_ex.o
                0x0000000008001600                HAL_RCC_OscConfig
 .text.SD_FindSCR
                0x0000000008001934       0xca Drivers/STM32F4xx_HAL_Driver/Src/stm32f4xx_hal_sd.o
 .text.HAL_SD_ReadBlocks
                0x00000000080019fe      0x1ba Drivers/STM32F4xx_HAL_Driver/Src/stm32f4xx_hal_sd.o
                0x00000000080019fe                HAL_SD_ReadBlocks
 .text.HAL_SD_WriteBlocks
                0x0000000008001bb8      0x172 Drivers/STM32F4xx_HAL_Driver/Src/stm32f4xx_hal_sd.o
                0x0000000008001bb8                HAL_SD_WriteBlocks
 .text.HAL_SD_GetCardCSD
                0x0000000008001d2a      0x1be Drivers/STM32F4xx_HAL_Driver/Src/stm32f4xx_hal_sd.o
                0x0000000008001d2a                HAL_SD_GetCardCSD
 .text.HAL_SD_InitCard
                0x0000000008001ee8      0x1dc Drivers/STM32F4xx_HAL_Driver/Src/stm32f4xx_hal_sd.o
                0x0000000008001ee8                HAL_SD_InitCard
 .text.HAL_SD_Init
                0x00000000080020c4       0x34 Drivers/STM32F4xx_HAL_Driver/Src/stm32f4xx_hal_sd.o
                0x00000000080020c4                HAL_SD_Init
 .text.HAL_SD_GetCardInfo
                0x00000000080020f8       0x24 Drivers/STM32F4xx_HAL_Driver/Src/stm32f4xx_hal_sd.o
                0x00000000080020f8                HAL_SD_GetCardInfo
 .text.HAL_SD_ConfigWideBusOperation
                0x000000000800211c      0x108 Drivers/STM32F4xx_HAL_Driver/Src/stm32f4xx_hal_sd.o
                0x000000000800211c                HAL_SD_ConfigWideBusOperation
 .text.HAL_SD_GetCardState
                0x0000000008002224       0x28 Drivers/STM32F4xx_HAL_Driver/Src/stm32f4xx_hal_sd.o
                0x0000000008002224                HAL_SD_GetCardState
 .text.HAL_SPI_Init
                0x000000000800224c       0x7a Drivers/STM32F4xx_HAL_Driver/Src/stm32f4xx_hal_spi.o
                0x000000000800224c                HAL_SPI_Init
 *fill*         0x00000000080022c6        0x2 
 .text.TIM_OC1_SetConfig
                0x00000000080022c8       0x58 Drivers/STM32F4xx_HAL_Driver/Src/stm32f4xx_hal_tim.o
 .text.TIM_OC3_SetConfig
                0x0000000008002320       0x60 Drivers/STM32F4xx_HAL_Driver/Src/stm32f4xx_hal_tim.o
 .text.TIM_OC4_SetConfig
                0x0000000008002380       0x50 Drivers/STM32F4xx_HAL_Driver/Src/stm32f4xx_hal_tim.o
 .text.TIM_SlaveTimer_SetConfig
                0x00000000080023d0       0xaa Drivers/STM32F4xx_HAL_Driver/Src/stm32f4xx_hal_tim.o
 .text.HAL_TIM_OC_MspInit
                0x000000000800247a        0x2 Drivers/STM32F4xx_HAL_Driver/Src/stm32f4xx_hal_tim.o
                0x000000000800247a                HAL_TIM_OC_MspInit
 .text.HAL_TIM_IC_MspInit
                0x000000000800247c        0x2 Drivers/STM32F4xx_HAL_Driver/Src/stm32f4xx_hal_tim.o
                0x000000000800247c                HAL_TIM_IC_MspInit
 .text.HAL_TIM_ConfigClockSource
                0x000000000800247e      0x172 Drivers/STM32F4xx_HAL_Driver/Src/stm32f4xx_hal_tim.o
                0x000000000800247e                HAL_TIM_ConfigClockSource
 .text.HAL_TIM_SlaveConfigSynchronization
                0x00000000080025f0       0x40 Drivers/STM32F4xx_HAL_Driver/Src/stm32f4xx_hal_tim.o
                0x00000000080025f0                HAL_TIM_SlaveConfigSynchronization
 .text.TIM_Base_SetConfig
                0x0000000008002630       0xc8 Drivers/STM32F4xx_HAL_Driver/Src/stm32f4xx_hal_tim.o
                0x0000000008002630                TIM_Base_SetConfig
 .text.HAL_TIM_Base_Init
                0x00000000080026f8       0x34 Drivers/STM32F4xx_HAL_Driver/Src/stm32f4xx_hal_tim.o
                0x00000000080026f8                HAL_TIM_Base_Init
 .text.HAL_TIM_OC_Init
                0x000000000800272c       0x34 Drivers/STM32F4xx_HAL_Driver/Src/stm32f4xx_hal_tim.o
                0x000000000800272c                HAL_TIM_OC_Init
 .text.HAL_TIM_IC_Init
                0x0000000008002760       0x34 Drivers/STM32F4xx_HAL_Driver/Src/stm32f4xx_hal_tim.o
                0x0000000008002760                HAL_TIM_IC_Init
 .text.TIM_TI1_SetConfig
                0x0000000008002794       0x74 Drivers/STM32F4xx_HAL_Driver/Src/stm32f4xx_hal_tim.o
                0x0000000008002794                TIM_TI1_SetConfig
 .text.HAL_TIM_IC_ConfigChannel
                0x0000000008002808      0x110 Drivers/STM32F4xx_HAL_Driver/Src/stm32f4xx_hal_tim.o
                0x0000000008002808                HAL_TIM_IC_ConfigChannel
 .text.TIM_OC2_SetConfig
                0x0000000008002918       0x60 Drivers/STM32F4xx_HAL_Driver/Src/stm32f4xx_hal_tim.o
                0x0000000008002918                TIM_OC2_SetConfig
 .text.HAL_TIM_OC_ConfigChannel
                0x0000000008002978       0x5c Drivers/STM32F4xx_HAL_Driver/Src/stm32f4xx_hal_tim.o
                0x0000000008002978                HAL_TIM_OC_ConfigChannel
 .text.HAL_TIMEx_MasterConfigSynchronization
                0x00000000080029d4       0x44 Drivers/STM32F4xx_HAL_Driver/Src/stm32f4xx_hal_tim_ex.o
                0x00000000080029d4                HAL_TIMEx_MasterConfigSynchronization
 .text.HAL_TIMEx_ConfigBreakDeadTime
                0x0000000008002a18       0x4c Drivers/STM32F4xx_HAL_Driver/Src/stm32f4xx_hal_tim_ex.o
                0x0000000008002a18                HAL_TIMEx_ConfigBreakDeadTime
 .text.UART_SetConfig
                0x0000000008002a64      0x234 Drivers/STM32F4xx_HAL_Driver/Src/stm32f4xx_hal_uart.o
 .text.HAL_UART_Init
                0x0000000008002c98       0x5c Drivers/STM32F4xx_HAL_Driver/Src/stm32f4xx_hal_uart.o
                0x0000000008002c98                HAL_UART_Init
 .text.SDMMC_GetCmdResp2
                0x0000000008002cf4       0x4c Drivers/STM32F4xx_HAL_Driver/Src/stm32f4xx_ll_sdmmc.o
 .text.SDMMC_GetCmdResp3
                0x0000000008002d40       0x40 Drivers/STM32F4xx_HAL_Driver/Src/stm32f4xx_ll_sdmmc.o
 .text.SDIO_Init
                0x0000000008002d80       0x38 Drivers/STM32F4xx_HAL_Driver/Src/stm32f4xx_ll_sdmmc.o
                0x0000000008002d80                SDIO_Init
 .text.SDIO_ReadFIFO
                0x0000000008002db8        0x6 Drivers/STM32F4xx_HAL_Driver/Src/stm32f4xx_ll_sdmmc.o
                0x0000000008002db8                SDIO_ReadFIFO
 .text.SDIO_WriteFIFO
                0x0000000008002dbe        0xa Drivers/STM32F4xx_HAL_Driver/Src/stm32f4xx_ll_sdmmc.o
                0x0000000008002dbe                SDIO_WriteFIFO
 .text.SDIO_PowerState_ON
                0x0000000008002dc8        0x8 Drivers/STM32F4xx_HAL_Driver/Src/stm32f4xx_ll_sdmmc.o
                0x0000000008002dc8                SDIO_PowerState_ON
 .text.SDIO_GetPowerState
                0x0000000008002dd0        0x8 Drivers/STM32F4xx_HAL_Driver/Src/stm32f4xx_ll_sdmmc.o
                0x0000000008002dd0                SDIO_GetPowerState
 .text.SDIO_SendCommand
                0x0000000008002dd8       0x26 Drivers/STM32F4xx_HAL_Driver/Src/stm32f4xx_ll_sdmmc.o
                0x0000000008002dd8                SDIO_SendCommand
 .text.SDIO_GetResponse
                0x0000000008002dfe       0x14 Drivers/STM32F4xx_HAL_Driver/Src/stm32f4xx_ll_sdmmc.o
                0x0000000008002dfe                SDIO_GetResponse
 *fill*         0x0000000008002e12        0x2 
 .text.SDMMC_GetCmdResp1
                0x0000000008002e14      0x120 Drivers/STM32F4xx_HAL_Driver/Src/stm32f4xx_ll_sdmmc.o
 .text.SDIO_ConfigData
                0x0000000008002f34       0x26 Drivers/STM32F4xx_HAL_Driver/Src/stm32f4xx_ll_sdmmc.o
                0x0000000008002f34                SDIO_ConfigData
 .text.SDMMC_CmdBlockLength
                0x0000000008002f5a       0x30 Drivers/STM32F4xx_HAL_Driver/Src/stm32f4xx_ll_sdmmc.o
                0x0000000008002f5a                SDMMC_CmdBlockLength
 .text.SDMMC_CmdReadSingleBlock
                0x0000000008002f8a       0x30 Drivers/STM32F4xx_HAL_Driver/Src/stm32f4xx_ll_sdmmc.o
                0x0000000008002f8a                SDMMC_CmdReadSingleBlock
 .text.SDMMC_CmdReadMultiBlock
                0x0000000008002fba       0x30 Drivers/STM32F4xx_HAL_Driver/Src/stm32f4xx_ll_sdmmc.o
                0x0000000008002fba                SDMMC_CmdReadMultiBlock
 .text.SDMMC_CmdWriteSingleBlock
                0x0000000008002fea       0x30 Drivers/STM32F4xx_HAL_Driver/Src/stm32f4xx_ll_sdmmc.o
                0x0000000008002fea                SDMMC_CmdWriteSingleBlock
 .text.SDMMC_CmdWriteMultiBlock
                0x000000000800301a       0x30 Drivers/STM32F4xx_HAL_Driver/Src/stm32f4xx_ll_sdmmc.o
                0x000000000800301a                SDMMC_CmdWriteMultiBlock
 *fill*         0x000000000800304a        0x2 
 .text.SDMMC_CmdStopTransfer
                0x000000000800304c       0x34 Drivers/STM32F4xx_HAL_Driver/Src/stm32f4xx_ll_sdmmc.o
                0x000000000800304c                SDMMC_CmdStopTransfer
 .text.SDMMC_CmdSelDesel
                0x0000000008003080       0x30 Drivers/STM32F4xx_HAL_Driver/Src/stm32f4xx_ll_sdmmc.o
                0x0000000008003080                SDMMC_CmdSelDesel
 .text.SDMMC_CmdGoIdleState
                0x00000000080030b0       0x50 Drivers/STM32F4xx_HAL_Driver/Src/stm32f4xx_ll_sdmmc.o
                0x00000000080030b0                SDMMC_CmdGoIdleState
 .text.SDMMC_CmdOperCond
                0x0000000008003100       0x70 Drivers/STM32F4xx_HAL_Driver/Src/stm32f4xx_ll_sdmmc.o
                0x0000000008003100                SDMMC_CmdOperCond
 .text.SDMMC_CmdAppCommand
                0x0000000008003170       0x30 Drivers/STM32F4xx_HAL_Driver/Src/stm32f4xx_ll_sdmmc.o
                0x0000000008003170                SDMMC_CmdAppCommand
 .text.SDMMC_CmdAppOperCommand
                0x00000000080031a0       0x32 Drivers/STM32F4xx_HAL_Driver/Src/stm32f4xx_ll_sdmmc.o
                0x00000000080031a0                SDMMC_CmdAppOperCommand
 .text.SDMMC_CmdSendSCR
                0x00000000080031d2       0x30 Drivers/STM32F4xx_HAL_Driver/Src/stm32f4xx_ll_sdmmc.o
                0x00000000080031d2                SDMMC_CmdSendSCR
 .text.SDMMC_CmdSendCID
                0x0000000008003202       0x2a Drivers/STM32F4xx_HAL_Driver/Src/stm32f4xx_ll_sdmmc.o
                0x0000000008003202                SDMMC_CmdSendCID
 .text.SDMMC_CmdSendCSD
                0x000000000800322c       0x2a Drivers/STM32F4xx_HAL_Driver/Src/stm32f4xx_ll_sdmmc.o
                0x000000000800322c                SDMMC_CmdSendCSD
 *fill*         0x0000000008003256        0x2 
 .text.SDMMC_CmdSetRelAdd
                0x0000000008003258       0xa8 Drivers/STM32F4xx_HAL_Driver/Src/stm32f4xx_ll_sdmmc.o
                0x0000000008003258                SDMMC_CmdSetRelAdd
 .text.SDMMC_CmdSendStatus
                0x0000000008003300       0x30 Drivers/STM32F4xx_HAL_Driver/Src/stm32f4xx_ll_sdmmc.o
                0x0000000008003300                SDMMC_CmdSendStatus
 .text.SDMMC_CmdSwitch
                0x0000000008003330       0x30 Drivers/STM32F4xx_HAL_Driver/Src/stm32f4xx_ll_sdmmc.o
                0x0000000008003330                SDMMC_CmdSwitch
 .text.SDMMC_CmdBusWidth
                0x0000000008003360        0x4 Drivers/STM32F4xx_HAL_Driver/Src/stm32f4xx_ll_sdmmc.o
                0x0000000008003360                SDMMC_CmdBusWidth
 .text.disk_status
                0x0000000008003364       0x14 Middlewares/Third_Party/FatFs/src/diskio.o
                0x0000000008003364                disk_status
 .text.disk_initialize
                0x0000000008003378       0x20 Middlewares/Third_Party/FatFs/src/diskio.o
                0x0000000008003378                disk_initialize
 .text.disk_read
                0x0000000008003398       0x1c Middlewares/Third_Party/FatFs/src/diskio.o
                0x0000000008003398                disk_read
 .text.disk_write
                0x00000000080033b4       0x1c Middlewares/Third_Party/FatFs/src/diskio.o
                0x00000000080033b4                disk_write
 .text.disk_ioctl
                0x00000000080033d0       0x1c Middlewares/Third_Party/FatFs/src/diskio.o
                0x00000000080033d0                disk_ioctl
 .text.ld_dword
                0x00000000080033ec       0x10 Middlewares/Third_Party/FatFs/src/ff.o
 .text.st_dword
                0x00000000080033fc       0x10 Middlewares/Third_Party/FatFs/src/ff.o
 .text.mem_set  0x000000000800340c        0xc Middlewares/Third_Party/FatFs/src/ff.o
 .text.chk_lock
                0x0000000008003418       0x5c Middlewares/Third_Party/FatFs/src/ff.o
 .text.inc_lock
                0x0000000008003474       0x78 Middlewares/Third_Party/FatFs/src/ff.o
 .text.dec_lock
                0x00000000080034ec       0x30 Middlewares/Third_Party/FatFs/src/ff.o
 .text.clust2sect
                0x000000000800351c       0x16 Middlewares/Third_Party/FatFs/src/ff.o
 .text.clmt_clust
                0x0000000008003532       0x22 Middlewares/Third_Party/FatFs/src/ff.o
 .text.get_ldnumber
                0x0000000008003554       0x30 Middlewares/Third_Party/FatFs/src/ff.o
 .text.validate
                0x0000000008003584       0x36 Middlewares/Third_Party/FatFs/src/ff.o
 .text.mem_cpy.part.0
                0x00000000080035ba       0x12 Middlewares/Third_Party/FatFs/src/ff.o
 .text.ld_clust.isra.1
                0x00000000080035cc       0x1c Middlewares/Third_Party/FatFs/src/ff.o
 .text.st_clust.isra.2
                0x00000000080035e8       0x18 Middlewares/Third_Party/FatFs/src/ff.o
 .text.sync_window.part.4
                0x0000000008003600       0x46 Middlewares/Third_Party/FatFs/src/ff.o
 .text.sync_window
                0x0000000008003646        0xc Middlewares/Third_Party/FatFs/src/ff.o
 .text.sync_fs  0x0000000008003652       0x96 Middlewares/Third_Party/FatFs/src/ff.o
 .text.move_window
                0x00000000080036e8       0x36 Middlewares/Third_Party/FatFs/src/ff.o
 *fill*         0x000000000800371e        0x2 
 .text.check_fs
                0x0000000008003720       0x80 Middlewares/Third_Party/FatFs/src/ff.o
 .text.find_volume
                0x00000000080037a0      0x2bc Middlewares/Third_Party/FatFs/src/ff.o
 .text.put_fat  0x0000000008003a5c       0xf8 Middlewares/Third_Party/FatFs/src/ff.o
 .text.get_fat.isra.8
                0x0000000008003b54       0xb4 Middlewares/Third_Party/FatFs/src/ff.o
 .text.create_chain
                0x0000000008003c08       0xb0 Middlewares/Third_Party/FatFs/src/ff.o
 .text.remove_chain
                0x0000000008003cb8       0x6c Middlewares/Third_Party/FatFs/src/ff.o
 .text.dir_sdi.constprop.11
                0x0000000008003d24       0x66 Middlewares/Third_Party/FatFs/src/ff.o
 .text.dir_next
                0x0000000008003d8a       0xf2 Middlewares/Third_Party/FatFs/src/ff.o
 .text.follow_path
                0x0000000008003e7c      0x188 Middlewares/Third_Party/FatFs/src/ff.o
 .text.dir_register
                0x0000000008004004       0x62 Middlewares/Third_Party/FatFs/src/ff.o
 *fill*         0x0000000008004066        0x2 
 .text.f_mount  0x0000000008004068       0x68 Middlewares/Third_Party/FatFs/src/ff.o
                0x0000000008004068                f_mount
 .text.f_open   0x00000000080040d0      0x224 Middlewares/Third_Party/FatFs/src/ff.o
                0x00000000080040d0                f_open
 .text.f_write  0x00000000080042f4      0x18a Middlewares/Third_Party/FatFs/src/ff.o
                0x00000000080042f4                f_write
 .text.f_sync   0x000000000800447e       0x90 Middlewares/Third_Party/FatFs/src/ff.o
                0x000000000800447e                f_sync
 .text.f_close  0x000000000800450e       0x22 Middlewares/Third_Party/FatFs/src/ff.o
                0x000000000800450e                f_close
 .text.f_mkfs   0x0000000008004530      0x568 Middlewares/Third_Party/FatFs/src/ff.o
                0x0000000008004530                f_mkfs
 .text.FATFS_LinkDriverEx
                0x0000000008004a98       0x44 Middlewares/Third_Party/FatFs/src/ff_gen_drv.o
                0x0000000008004a98                FATFS_LinkDriverEx
 .text.FATFS_LinkDriver
                0x0000000008004adc        0x6 Middlewares/Third_Party/FatFs/src/ff_gen_drv.o
                0x0000000008004adc                FATFS_LinkDriver
 *fill*         0x0000000008004ae2        0x2 
 .text.FATFS_UnLinkDriverEx
                0x0000000008004ae4       0x30 Middlewares/Third_Party/FatFs/src/ff_gen_drv.o
                0x0000000008004ae4                FATFS_UnLinkDriverEx
 .text.FATFS_UnLinkDriver
                0x0000000008004b14        0x6 Middlewares/Third_Party/FatFs/src/ff_gen_drv.o
                0x0000000008004b14                FATFS_UnLinkDriver
 *fill*         0x0000000008004b1a        0x2 
 .text.BSP_SD_Init
                0x0000000008004b1c       0x34 Src/bsp_driver_sd.o
                0x0000000008004b1c                BSP_SD_Init
 .text.BSP_SD_ReadBlocks
                0x0000000008004b50       0x20 Src/bsp_driver_sd.o
                0x0000000008004b50                BSP_SD_ReadBlocks
 .text.BSP_SD_WriteBlocks
                0x0000000008004b70       0x20 Src/bsp_driver_sd.o
                0x0000000008004b70                BSP_SD_WriteBlocks
 .text.BSP_SD_GetCardState
                0x0000000008004b90       0x14 Src/bsp_driver_sd.o
                0x0000000008004b90                BSP_SD_GetCardState
 .text.BSP_SD_GetCardInfo
                0x0000000008004ba4        0xc Src/bsp_driver_sd.o
                0x0000000008004ba4                BSP_SD_GetCardInfo
 .text.do_something_SD
                0x0000000008004bb0       0xd0 Src/data_logger.o
                0x0000000008004bb0                do_something_SD
 .text.MX_FATFS_Init
                0x0000000008004c80       0x1c Src/fatfs.o
                0x0000000008004c80                MX_FATFS_Init
 .text.get_fattime
                0x0000000008004c9c        0x4 Src/fatfs.o
                0x0000000008004c9c                get_fattime
 .text.SystemClock_Config
                0x0000000008004ca0       0xbc Src/main.o
                0x0000000008004ca0                SystemClock_Config
 .text.CAN_Config
                0x0000000008004d5c       0x84 Src/main.o
                0x0000000008004d5c                CAN_Config
 .text.startup.main
                0x0000000008004de0      0x604 Src/main.o
                0x0000000008004de0                main
 .text._Error_Handler
                0x00000000080053e4        0x2 Src/main.o
                0x00000000080053e4                _Error_Handler
 *fill*         0x00000000080053e6        0x2 
 .text.SD_CheckStatus.isra.0
                0x00000000080053e8       0x20 Src/sd_diskio.o
 .text.SD_initialize
                0x0000000008005408       0x1c Src/sd_diskio.o
                0x0000000008005408                SD_initialize
 .text.SD_status
                0x0000000008005424        0x4 Src/sd_diskio.o
                0x0000000008005424                SD_status
 .text.SD_read  0x0000000008005428       0x20 Src/sd_diskio.o
                0x0000000008005428                SD_read
 .text.SD_ioctl
                0x0000000008005448       0x50 Src/sd_diskio.o
                0x0000000008005448                SD_ioctl
 .text.SD_write
                0x0000000008005498       0x20 Src/sd_diskio.o
                0x0000000008005498                SD_write
 .text.HAL_MspInit
                0x00000000080054b8       0x90 Src/stm32f4xx_hal_msp.o
                0x00000000080054b8                HAL_MspInit
 .text.HAL_ADC_MspInit
                0x0000000008005548       0x9c Src/stm32f4xx_hal_msp.o
                0x0000000008005548                HAL_ADC_MspInit
 .text.HAL_CAN_MspInit
                0x00000000080055e4       0x68 Src/stm32f4xx_hal_msp.o
                0x00000000080055e4                HAL_CAN_MspInit
 .text.HAL_I2C_MspInit
                0x000000000800564c       0x70 Src/stm32f4xx_hal_msp.o
                0x000000000800564c                HAL_I2C_MspInit
 .text.HAL_SD_MspInit
                0x00000000080056bc       0x80 Src/stm32f4xx_hal_msp.o
                0x00000000080056bc                HAL_SD_MspInit
 .text.HAL_SPI_MspInit
                0x000000000800573c       0x68 Src/stm32f4xx_hal_msp.o
                0x000000000800573c                HAL_SPI_MspInit
 .text.HAL_TIM_Base_MspInit
                0x00000000080057a4      0x114 Src/stm32f4xx_hal_msp.o
                0x00000000080057a4                HAL_TIM_Base_MspInit
 .text.HAL_TIM_MspPostInit
                0x00000000080058b8       0xd0 Src/stm32f4xx_hal_msp.o
                0x00000000080058b8                HAL_TIM_MspPostInit
 .text.HAL_UART_MspInit
                0x0000000008005988       0xe8 Src/stm32f4xx_hal_msp.o
                0x0000000008005988                HAL_UART_MspInit
 .text.NMI_Handler
                0x0000000008005a70        0x2 Src/stm32f4xx_it.o
                0x0000000008005a70                NMI_Handler
 .text.HardFault_Handler
                0x0000000008005a72        0x2 Src/stm32f4xx_it.o
                0x0000000008005a72                HardFault_Handler
 .text.MemManage_Handler
                0x0000000008005a74        0x2 Src/stm32f4xx_it.o
                0x0000000008005a74                MemManage_Handler
 .text.BusFault_Handler
                0x0000000008005a76        0x2 Src/stm32f4xx_it.o
                0x0000000008005a76                BusFault_Handler
 .text.UsageFault_Handler
                0x0000000008005a78        0x2 Src/stm32f4xx_it.o
                0x0000000008005a78                UsageFault_Handler
 .text.SVC_Handler
                0x0000000008005a7a        0x2 Src/stm32f4xx_it.o
                0x0000000008005a7a                SVC_Handler
 .text.DebugMon_Handler
                0x0000000008005a7c        0x2 Src/stm32f4xx_it.o
                0x0000000008005a7c                DebugMon_Handler
 .text.PendSV_Handler
                0x0000000008005a7e        0x2 Src/stm32f4xx_it.o
                0x0000000008005a7e                PendSV_Handler
 .text.SysTick_Handler
                0x0000000008005a80        0xe Src/stm32f4xx_it.o
                0x0000000008005a80                SysTick_Handler
 *fill*         0x0000000008005a8e        0x2 
 .text.SystemInit
                0x0000000008005a90       0x4c Src/system_stm32f4xx.o
                0x0000000008005a90                SystemInit
 .text.Reset_Handler
                0x0000000008005adc       0x50 startup/startup_stm32f446xx.o
                0x0000000008005adc                Reset_Handler
 .text.Default_Handler
                0x0000000008005b2c        0x2 startup/startup_stm32f446xx.o
                0x0000000008005b2c                RTC_Alarm_IRQHandler
                0x0000000008005b2c                EXTI2_IRQHandler
                0x0000000008005b2c                TIM8_CC_IRQHandler
                0x0000000008005b2c                SPI4_IRQHandler
                0x0000000008005b2c                TIM1_CC_IRQHandler
                0x0000000008005b2c                DMA2_Stream5_IRQHandler
                0x0000000008005b2c                DMA1_Stream5_IRQHandler
                0x0000000008005b2c                PVD_IRQHandler
                0x0000000008005b2c                SDIO_IRQHandler
                0x0000000008005b2c                TAMP_STAMP_IRQHandler
                0x0000000008005b2c                CAN2_RX1_IRQHandler
                0x0000000008005b2c                EXTI3_IRQHandler
                0x0000000008005b2c                TIM8_TRG_COM_TIM14_IRQHandler
                0x0000000008005b2c                TIM1_UP_TIM10_IRQHandler
                0x0000000008005b2c                TIM8_UP_TIM13_IRQHandler
                0x0000000008005b2c                I2C3_ER_IRQHandler
                0x0000000008005b2c                FMPI2C1_Event_IRQHandler
                0x0000000008005b2c                EXTI0_IRQHandler
                0x0000000008005b2c                I2C2_EV_IRQHandler
                0x0000000008005b2c                DMA1_Stream2_IRQHandler
                0x0000000008005b2c                CAN1_RX0_IRQHandler
                0x0000000008005b2c                FPU_IRQHandler
                0x0000000008005b2c                OTG_HS_WKUP_IRQHandler
                0x0000000008005b2c                CAN2_SCE_IRQHandler
                0x0000000008005b2c                DMA2_Stream2_IRQHandler
                0x0000000008005b2c                SPI1_IRQHandler
                0x0000000008005b2c                TIM6_DAC_IRQHandler
                0x0000000008005b2c                TIM1_BRK_TIM9_IRQHandler
                0x0000000008005b2c                DCMI_IRQHandler
                0x0000000008005b2c                CAN2_RX0_IRQHandler
                0x0000000008005b2c                DMA2_Stream3_IRQHandler
                0x0000000008005b2c                SAI2_IRQHandler
                0x0000000008005b2c                USART6_IRQHandler
                0x0000000008005b2c                USART3_IRQHandler
                0x0000000008005b2c                CAN1_RX1_IRQHandler
                0x0000000008005b2c                UART5_IRQHandler
                0x0000000008005b2c                DMA2_Stream0_IRQHandler
                0x0000000008005b2c                TIM4_IRQHandler
                0x0000000008005b2c                QUADSPI_IRQHandler
                0x0000000008005b2c                I2C1_EV_IRQHandler
                0x0000000008005b2c                DMA1_Stream6_IRQHandler
                0x0000000008005b2c                DMA1_Stream1_IRQHandler
                0x0000000008005b2c                UART4_IRQHandler
                0x0000000008005b2c                TIM3_IRQHandler
                0x0000000008005b2c                RCC_IRQHandler
                0x0000000008005b2c                TIM8_BRK_TIM12_IRQHandler
                0x0000000008005b2c                Default_Handler
                0x0000000008005b2c                CEC_IRQHandler
                0x0000000008005b2c                EXTI15_10_IRQHandler
                0x0000000008005b2c                ADC_IRQHandler
                0x0000000008005b2c                DMA1_Stream7_IRQHandler
                0x0000000008005b2c                TIM7_IRQHandler
                0x0000000008005b2c                CAN2_TX_IRQHandler
                0x0000000008005b2c                TIM5_IRQHandler
                0x0000000008005b2c                DMA2_Stream7_IRQHandler
                0x0000000008005b2c                I2C3_EV_IRQHandler
                0x0000000008005b2c                EXTI9_5_IRQHandler
                0x0000000008005b2c                RTC_WKUP_IRQHandler
                0x0000000008005b2c                SPDIF_RX_IRQHandler
                0x0000000008005b2c                SPI2_IRQHandler
                0x0000000008005b2c                OTG_HS_EP1_IN_IRQHandler
                0x0000000008005b2c                DMA1_Stream0_IRQHandler
                0x0000000008005b2c                CAN1_TX_IRQHandler
                0x0000000008005b2c                EXTI4_IRQHandler
                0x0000000008005b2c                OTG_HS_EP1_OUT_IRQHandler
                0x0000000008005b2c                WWDG_IRQHandler
                0x0000000008005b2c                TIM2_IRQHandler
                0x0000000008005b2c                OTG_FS_WKUP_IRQHandler
                0x0000000008005b2c                TIM1_TRG_COM_TIM11_IRQHandler
                0x0000000008005b2c                OTG_HS_IRQHandler
                0x0000000008005b2c                EXTI1_IRQHandler
                0x0000000008005b2c                USART2_IRQHandler
                0x0000000008005b2c                I2C2_ER_IRQHandler
                0x0000000008005b2c                DMA2_Stream1_IRQHandler
                0x0000000008005b2c                CAN1_SCE_IRQHandler
                0x0000000008005b2c                FLASH_IRQHandler
                0x0000000008005b2c                DMA2_Stream4_IRQHandler
                0x0000000008005b2c                USART1_IRQHandler
                0x0000000008005b2c                OTG_FS_IRQHandler
                0x0000000008005b2c                SPI3_IRQHandler
                0x0000000008005b2c                DMA1_Stream4_IRQHandler
                0x0000000008005b2c                I2C1_ER_IRQHandler
                0x0000000008005b2c                FMC_IRQHandler
                0x0000000008005b2c                DMA2_Stream6_IRQHandler
                0x0000000008005b2c                SAI1_IRQHandler
                0x0000000008005b2c                DMA1_Stream3_IRQHandler
                0x0000000008005b2c                FMPI2C1_Error_IRQHandler
 *fill*         0x0000000008005b2e        0x2 
 .text.__libc_init_array
                0x0000000008005b30       0x48 /opt/Atollic_TrueSTUDIO_for_STM32_x86_64_9.0.1/ARMTools/bin/../lib/gcc/arm-atollic-eabi/6.3.1/../../../../arm-atollic-eabi/lib/armv7e-m/fpu/libc_nano.a(lib_a-init.o)
                0x0000000008005b30                __libc_init_array
 *(.glue_7)
 .glue_7        0x0000000008005b78        0x0 linker stubs
 *(.glue_7t)
 .glue_7t       0x0000000008005b78        0x0 linker stubs
 *(.eh_frame)
 .eh_frame      0x0000000008005b78        0x0 /opt/Atollic_TrueSTUDIO_for_STM32_x86_64_9.0.1/ARMTools/bin/../lib/gcc/arm-atollic-eabi/6.3.1/armv7e-m/fpu/crtbegin.o
 *(.init)
 .init          0x0000000008005b78        0x4 /opt/Atollic_TrueSTUDIO_for_STM32_x86_64_9.0.1/ARMTools/bin/../lib/gcc/arm-atollic-eabi/6.3.1/armv7e-m/fpu/crti.o
                0x0000000008005b78                _init
 .init          0x0000000008005b7c        0x8 /opt/Atollic_TrueSTUDIO_for_STM32_x86_64_9.0.1/ARMTools/bin/../lib/gcc/arm-atollic-eabi/6.3.1/armv7e-m/fpu/crtn.o
 *(.fini)
 .fini          0x0000000008005b84        0x4 /opt/Atollic_TrueSTUDIO_for_STM32_x86_64_9.0.1/ARMTools/bin/../lib/gcc/arm-atollic-eabi/6.3.1/armv7e-m/fpu/crti.o
                0x0000000008005b84                _fini
 .fini          0x0000000008005b88        0x8 /opt/Atollic_TrueSTUDIO_for_STM32_x86_64_9.0.1/ARMTools/bin/../lib/gcc/arm-atollic-eabi/6.3.1/armv7e-m/fpu/crtn.o
                0x0000000008005b90                . = ALIGN (0x4)
                0x0000000008005b90                _etext = .

.vfp11_veneer   0x0000000008005b90        0x0
 .vfp11_veneer  0x0000000008005b90        0x0 linker stubs

.v4_bx          0x0000000008005b90        0x0
 .v4_bx         0x0000000008005b90        0x0 linker stubs

.iplt           0x0000000008005b90        0x0
 .iplt          0x0000000008005b90        0x0 /opt/Atollic_TrueSTUDIO_for_STM32_x86_64_9.0.1/ARMTools/bin/../lib/gcc/arm-atollic-eabi/6.3.1/armv7e-m/fpu/crtbegin.o

.rodata         0x0000000008005b90      0x148
                0x0000000008005b90                . = ALIGN (0x4)
 *(.rodata)
 *(.rodata*)
 .rodata.ExCvt  0x0000000008005b90       0x80 Middlewares/Third_Party/FatFs/src/ff.o
 .rodata.cst.10914
                0x0000000008005c10        0xe Middlewares/Third_Party/FatFs/src/ff.o
 .rodata.cst32.10915
                0x0000000008005c1e        0xe Middlewares/Third_Party/FatFs/src/ff.o
 .rodata.f_mkfs.str1.1
                0x0000000008005c2c       0x34 Middlewares/Third_Party/FatFs/src/ff.o
 .rodata.follow_path.str1.1
                0x0000000008005c60        0xf Middlewares/Third_Party/FatFs/src/ff.o
 .rodata.do_something_SD.str1.1
                0x0000000008005c6f       0x3b Src/data_logger.o
 *fill*         0x0000000008005caa        0x2 
 .rodata.SD_Driver
                0x0000000008005cac       0x14 Src/sd_diskio.o
                0x0000000008005cac                SD_Driver
 .rodata.AHBPrescTable
                0x0000000008005cc0       0x10 Src/system_stm32f4xx.o
                0x0000000008005cc0                AHBPrescTable
 .rodata.APBPrescTable
                0x0000000008005cd0        0x8 Src/system_stm32f4xx.o
                0x0000000008005cd0                APBPrescTable
                0x0000000008005cd8                . = ALIGN (0x4)

.ARM.extab
 *(.ARM.extab* .gnu.linkonce.armextab.*)

.ARM            0x0000000008005cd8        0x8
                0x0000000008005cd8                __exidx_start = .
 *(.ARM.exidx*)
 .ARM.exidx     0x0000000008005cd8        0x8 /opt/Atollic_TrueSTUDIO_for_STM32_x86_64_9.0.1/ARMTools/bin/../lib/gcc/arm-atollic-eabi/6.3.1/armv7e-m/fpu/libgcc.a(_udivmoddi4.o)
                0x0000000008005ce0                __exidx_end = .

.rel.dyn        0x0000000008005ce0        0x0
 .rel.iplt      0x0000000008005ce0        0x0 /opt/Atollic_TrueSTUDIO_for_STM32_x86_64_9.0.1/ARMTools/bin/../lib/gcc/arm-atollic-eabi/6.3.1/armv7e-m/fpu/crtbegin.o

.preinit_array  0x0000000008005ce0        0x0
                0x0000000008005ce0                PROVIDE (__preinit_array_start, .)
 *(.preinit_array*)
                0x0000000008005ce0                PROVIDE (__preinit_array_end, .)

.init_array     0x0000000008005ce0        0x4
                0x0000000008005ce0                PROVIDE (__init_array_start, .)
 *(SORT(.init_array.*))
 *(.init_array*)
 .init_array    0x0000000008005ce0        0x4 /opt/Atollic_TrueSTUDIO_for_STM32_x86_64_9.0.1/ARMTools/bin/../lib/gcc/arm-atollic-eabi/6.3.1/armv7e-m/fpu/crtbegin.o
                0x0000000008005ce4                PROVIDE (__init_array_end, .)

.fini_array     0x0000000008005ce4        0x4
                [!provide]                        PROVIDE (__fini_array_start, .)
 *(SORT(.fini_array.*))
 *(.fini_array*)
 .fini_array    0x0000000008005ce4        0x4 /opt/Atollic_TrueSTUDIO_for_STM32_x86_64_9.0.1/ARMTools/bin/../lib/gcc/arm-atollic-eabi/6.3.1/armv7e-m/fpu/crtbegin.o
                [!provide]                        PROVIDE (__fini_array_end, .)
                0x0000000008005ce8                _sidata = LOADADDR (.data)

.data           0x0000000020000000       0x10 load address 0x0000000008005ce8
                0x0000000020000000                . = ALIGN (0x4)
                0x0000000020000000                _sdata = .
 *(.data)
 *(.data*)
 .data.uwTickFreq
                0x0000000020000000        0x1 Drivers/STM32F4xx_HAL_Driver/Src/stm32f4xx_hal.o
                0x0000000020000000                uwTickFreq
 *fill*         0x0000000020000001        0x3 
 .data.uwTickPrio
                0x0000000020000004        0x4 Drivers/STM32F4xx_HAL_Driver/Src/stm32f4xx_hal.o
                0x0000000020000004                uwTickPrio
 .data.Stat     0x0000000020000008        0x1 Src/sd_diskio.o
 *fill*         0x0000000020000009        0x3 
 .data.SystemCoreClock
                0x000000002000000c        0x4 Src/system_stm32f4xx.o
                0x000000002000000c                SystemCoreClock
                0x0000000020000010                . = ALIGN (0x4)
                0x0000000020000010                _edata = .

.igot.plt       0x0000000020000010        0x0 load address 0x0000000008005cf8
 .igot.plt      0x0000000020000010        0x0 /opt/Atollic_TrueSTUDIO_for_STM32_x86_64_9.0.1/ARMTools/bin/../lib/gcc/arm-atollic-eabi/6.3.1/armv7e-m/fpu/crtbegin.o
                0x0000000020000010                . = ALIGN (0x4)

.bss            0x0000000020000010     0x1050 load address 0x0000000008005cf8
                0x0000000020000010                _sbss = .
                0x0000000020000010                __bss_start__ = _sbss
 *(.bss)
 .bss           0x0000000020000010       0x1c /opt/Atollic_TrueSTUDIO_for_STM32_x86_64_9.0.1/ARMTools/bin/../lib/gcc/arm-atollic-eabi/6.3.1/armv7e-m/fpu/crtbegin.o
 *(.bss*)
 .bss.FatFs     0x000000002000002c        0x4 Middlewares/Third_Party/FatFs/src/ff.o
 .bss.Files     0x0000000020000030       0x20 Middlewares/Third_Party/FatFs/src/ff.o
 .bss.Fsid      0x0000000020000050        0x2 Middlewares/Third_Party/FatFs/src/ff.o
 *fill*         0x0000000020000052        0x2 
 .bss.disk      0x0000000020000054        0xc Middlewares/Third_Party/FatFs/src/ff_gen_drv.o
                0x0000000020000054                disk
 .bss.buffer    0x0000000020000060      0x200 Src/data_logger.o
 *(COMMON)
 COMMON         0x0000000020000260        0x4 Drivers/STM32F4xx_HAL_Driver/Src/stm32f4xx_hal.o
                0x0000000020000260                uwTick
 COMMON         0x0000000020000264      0x475 Src/data_logger.o
                0x0000000020000264                byteswritten
                0x0000000020000268                message
                0x0000000020000272                SDPath
                0x0000000020000278                SDFatFs
                0x00000000200004a8                MyFile
                0x00000000200006d8                res
 *fill*         0x00000000200006d9        0x3 
 COMMON         0x00000000200006dc      0x464 Src/fatfs.o
                0x00000000200006dc                retSD
                0x00000000200006e0                SDFile
                0x0000000020000910                SDFatFS
 COMMON         0x0000000020000b40      0x520 Src/main.o
                0x0000000020000b40                hi2c3
                0x0000000020000b94                hspi2
                0x0000000020000bec                htim8
                0x0000000020000c28                htim4
                0x0000000020000c64                huart3
                0x0000000020000ca4                hadc2
                0x0000000020000cec                htim5
                0x0000000020000d28                htim3
                0x0000000020000d64                hadc1
                0x0000000020000dac                huart1
                0x0000000020000dec                TxData
                0x0000000020000df4                htim1
                0x0000000020000e30                hsd
                0x0000000020000eb4                TxMailbox
                0x0000000020000eb8                huart6
                0x0000000020000ef8                buf
                0x0000000020000fc0                RxData
                0x0000000020000fc8                htim2
                0x0000000020001004                hcan1
                0x000000002000102c                TxHeader
                0x0000000020001044                RxHeader
                0x0000000020001060                . = ALIGN (0x4)
                0x0000000020001060                _ebss = .
                0x0000000020001060                __bss_end__ = _ebss

._user_heap_stack
                0x0000000020001060      0x600 load address 0x0000000008005cf8
                0x0000000020001060                . = ALIGN (0x4)
                [!provide]                        PROVIDE (end, .)
                [!provide]                        PROVIDE (_end, .)
                0x0000000020001260                . = (. + _Min_Heap_Size)
 *fill*         0x0000000020001060      0x200 
                0x0000000020001660                . = (. + _Min_Stack_Size)
 *fill*         0x0000000020001260      0x400 
                0x0000000020001660                . = ALIGN (0x4)

/DISCARD/
 libc.a(*)
 libm.a(*)
 libgcc.a(*)

.ARM.attributes
                0x0000000000000000       0x30
 *(.ARM.attributes)
 .ARM.attributes
                0x0000000000000000       0x22 /opt/Atollic_TrueSTUDIO_for_STM32_x86_64_9.0.1/ARMTools/bin/../lib/gcc/arm-atollic-eabi/6.3.1/armv7e-m/fpu/crti.o
 .ARM.attributes
                0x0000000000000022       0x34 /opt/Atollic_TrueSTUDIO_for_STM32_x86_64_9.0.1/ARMTools/bin/../lib/gcc/arm-atollic-eabi/6.3.1/armv7e-m/fpu/crtbegin.o
 .ARM.attributes
                0x0000000000000056       0x39 Drivers/STM32F4xx_HAL_Driver/Src/stm32f4xx_hal.o
 .ARM.attributes
                0x000000000000008f       0x39 Drivers/STM32F4xx_HAL_Driver/Src/stm32f4xx_hal_adc.o
 .ARM.attributes
                0x00000000000000c8       0x39 Drivers/STM32F4xx_HAL_Driver/Src/stm32f4xx_hal_can.o
 .ARM.attributes
                0x0000000000000101       0x39 Drivers/STM32F4xx_HAL_Driver/Src/stm32f4xx_hal_cortex.o
 .ARM.attributes
                0x000000000000013a       0x39 Drivers/STM32F4xx_HAL_Driver/Src/stm32f4xx_hal_gpio.o
 .ARM.attributes
                0x0000000000000173       0x39 Drivers/STM32F4xx_HAL_Driver/Src/stm32f4xx_hal_i2c.o
 .ARM.attributes
                0x00000000000001ac       0x39 Drivers/STM32F4xx_HAL_Driver/Src/stm32f4xx_hal_rcc.o
 .ARM.attributes
                0x00000000000001e5       0x39 Drivers/STM32F4xx_HAL_Driver/Src/stm32f4xx_hal_rcc_ex.o
 .ARM.attributes
                0x000000000000021e       0x39 Drivers/STM32F4xx_HAL_Driver/Src/stm32f4xx_hal_sd.o
 .ARM.attributes
                0x0000000000000257       0x39 Drivers/STM32F4xx_HAL_Driver/Src/stm32f4xx_hal_spi.o
 .ARM.attributes
                0x0000000000000290       0x39 Drivers/STM32F4xx_HAL_Driver/Src/stm32f4xx_hal_tim.o
 .ARM.attributes
                0x00000000000002c9       0x39 Drivers/STM32F4xx_HAL_Driver/Src/stm32f4xx_hal_tim_ex.o
 .ARM.attributes
                0x0000000000000302       0x39 Drivers/STM32F4xx_HAL_Driver/Src/stm32f4xx_hal_uart.o
 .ARM.attributes
                0x000000000000033b       0x39 Drivers/STM32F4xx_HAL_Driver/Src/stm32f4xx_ll_sdmmc.o
 .ARM.attributes
                0x0000000000000374       0x39 Middlewares/Third_Party/FatFs/src/diskio.o
 .ARM.attributes
                0x00000000000003ad       0x39 Middlewares/Third_Party/FatFs/src/ff.o
 .ARM.attributes
                0x00000000000003e6       0x39 Middlewares/Third_Party/FatFs/src/ff_gen_drv.o
 .ARM.attributes
                0x000000000000041f       0x39 Src/bsp_driver_sd.o
 .ARM.attributes
                0x0000000000000458       0x39 Src/data_logger.o
 .ARM.attributes
                0x0000000000000491       0x39 Src/fatfs.o
 .ARM.attributes
                0x00000000000004ca       0x39 Src/main.o
 .ARM.attributes
                0x0000000000000503       0x39 Src/sd_diskio.o
 .ARM.attributes
                0x000000000000053c       0x39 Src/stm32f4xx_hal_msp.o
 .ARM.attributes
                0x0000000000000575       0x39 Src/stm32f4xx_it.o
 .ARM.attributes
                0x00000000000005ae       0x39 Src/system_stm32f4xx.o
 .ARM.attributes
                0x00000000000005e7       0x21 startup/startup_stm32f446xx.o
 .ARM.attributes
                0x0000000000000608       0x34 /opt/Atollic_TrueSTUDIO_for_STM32_x86_64_9.0.1/ARMTools/bin/../lib/gcc/arm-atollic-eabi/6.3.1/../../../../arm-atollic-eabi/lib/armv7e-m/fpu/libc_nano.a(lib_a-init.o)
 .ARM.attributes
                0x000000000000063c       0x22 /opt/Atollic_TrueSTUDIO_for_STM32_x86_64_9.0.1/ARMTools/bin/../lib/gcc/arm-atollic-eabi/6.3.1/armv7e-m/fpu/libgcc.a(_aeabi_uldivmod.o)
 .ARM.attributes
                0x000000000000065e       0x34 /opt/Atollic_TrueSTUDIO_for_STM32_x86_64_9.0.1/ARMTools/bin/../lib/gcc/arm-atollic-eabi/6.3.1/armv7e-m/fpu/libgcc.a(_udivmoddi4.o)
 .ARM.attributes
                0x0000000000000692       0x22 /opt/Atollic_TrueSTUDIO_for_STM32_x86_64_9.0.1/ARMTools/bin/../lib/gcc/arm-atollic-eabi/6.3.1/armv7e-m/fpu/libgcc.a(_dvmd_tls.o)
 .ARM.attributes
                0x00000000000006b4       0x22 /opt/Atollic_TrueSTUDIO_for_STM32_x86_64_9.0.1/ARMTools/bin/../lib/gcc/arm-atollic-eabi/6.3.1/armv7e-m/fpu/crtn.o
OUTPUT(host-board-test-test.elf elf32-littlearm)

.debug_info     0x0000000000000000    0x2cbfe
 .debug_info    0x0000000000000000     0x123e Drivers/STM32F4xx_HAL_Driver/Src/stm32f4xx_hal.o
 .debug_info    0x000000000000123e     0x15ad Drivers/STM32F4xx_HAL_Driver/Src/stm32f4xx_hal_adc.o
 .debug_info    0x00000000000027eb     0x17e0 Drivers/STM32F4xx_HAL_Driver/Src/stm32f4xx_hal_can.o
 .debug_info    0x0000000000003fcb     0x1762 Drivers/STM32F4xx_HAL_Driver/Src/stm32f4xx_hal_cortex.o
 .debug_info    0x000000000000572d      0xfd6 Drivers/STM32F4xx_HAL_Driver/Src/stm32f4xx_hal_gpio.o
 .debug_info    0x0000000000006703     0x3799 Drivers/STM32F4xx_HAL_Driver/Src/stm32f4xx_hal_i2c.o
 .debug_info    0x0000000000009e9c     0x12a9 Drivers/STM32F4xx_HAL_Driver/Src/stm32f4xx_hal_rcc.o
 .debug_info    0x000000000000b145     0x13fa Drivers/STM32F4xx_HAL_Driver/Src/stm32f4xx_hal_rcc_ex.o
 .debug_info    0x000000000000c53f     0x2aa1 Drivers/STM32F4xx_HAL_Driver/Src/stm32f4xx_hal_sd.o
 .debug_info    0x000000000000efe0     0x23d2 Drivers/STM32F4xx_HAL_Driver/Src/stm32f4xx_hal_spi.o
 .debug_info    0x00000000000113b2     0x3ba2 Drivers/STM32F4xx_HAL_Driver/Src/stm32f4xx_hal_tim.o
 .debug_info    0x0000000000014f54     0x19a5 Drivers/STM32F4xx_HAL_Driver/Src/stm32f4xx_hal_tim_ex.o
 .debug_info    0x00000000000168f9     0x1ea3 Drivers/STM32F4xx_HAL_Driver/Src/stm32f4xx_hal_uart.o
 .debug_info    0x000000000001879c     0x1ee5 Drivers/STM32F4xx_HAL_Driver/Src/stm32f4xx_ll_sdmmc.o
 .debug_info    0x000000000001a681      0xcc9 Middlewares/Third_Party/FatFs/src/diskio.o
 .debug_info    0x000000000001b34a     0x4af2 Middlewares/Third_Party/FatFs/src/ff.o
 .debug_info    0x000000000001fe3c      0xcff Middlewares/Third_Party/FatFs/src/ff_gen_drv.o
 .debug_info    0x0000000000020b3b     0x146e Src/bsp_driver_sd.o
 .debug_info    0x0000000000021fa9     0x10ea Src/data_logger.o
 .debug_info    0x0000000000023093      0xd54 Src/fatfs.o
 .debug_info    0x0000000000023de7     0x3b77 Src/main.o
 .debug_info    0x000000000002795e      0xee9 Src/sd_diskio.o
 .debug_info    0x0000000000028847     0x2bf3 Src/stm32f4xx_hal_msp.o
 .debug_info    0x000000000002b43a      0x9de Src/stm32f4xx_it.o
 .debug_info    0x000000000002be18      0xd50 Src/system_stm32f4xx.o
 .debug_info    0x000000000002cb68       0x96 startup/startup_stm32f446xx.o

.debug_abbrev   0x0000000000000000     0x4bdb
 .debug_abbrev  0x0000000000000000      0x308 Drivers/STM32F4xx_HAL_Driver/Src/stm32f4xx_hal.o
 .debug_abbrev  0x0000000000000308      0x321 Drivers/STM32F4xx_HAL_Driver/Src/stm32f4xx_hal_adc.o
 .debug_abbrev  0x0000000000000629      0x380 Drivers/STM32F4xx_HAL_Driver/Src/stm32f4xx_hal_can.o
 .debug_abbrev  0x00000000000009a9      0x399 Drivers/STM32F4xx_HAL_Driver/Src/stm32f4xx_hal_cortex.o
 .debug_abbrev  0x0000000000000d42      0x268 Drivers/STM32F4xx_HAL_Driver/Src/stm32f4xx_hal_gpio.o
 .debug_abbrev  0x0000000000000faa      0x3b4 Drivers/STM32F4xx_HAL_Driver/Src/stm32f4xx_hal_i2c.o
 .debug_abbrev  0x000000000000135e      0x353 Drivers/STM32F4xx_HAL_Driver/Src/stm32f4xx_hal_rcc.o
 .debug_abbrev  0x00000000000016b1      0x295 Drivers/STM32F4xx_HAL_Driver/Src/stm32f4xx_hal_rcc_ex.o
 .debug_abbrev  0x0000000000001946      0x3bc Drivers/STM32F4xx_HAL_Driver/Src/stm32f4xx_hal_sd.o
 .debug_abbrev  0x0000000000001d02      0x3ac Drivers/STM32F4xx_HAL_Driver/Src/stm32f4xx_hal_spi.o
 .debug_abbrev  0x00000000000020ae      0x3ac Drivers/STM32F4xx_HAL_Driver/Src/stm32f4xx_hal_tim.o
 .debug_abbrev  0x000000000000245a      0x300 Drivers/STM32F4xx_HAL_Driver/Src/stm32f4xx_hal_tim_ex.o
 .debug_abbrev  0x000000000000275a      0x397 Drivers/STM32F4xx_HAL_Driver/Src/stm32f4xx_hal_uart.o
 .debug_abbrev  0x0000000000002af1      0x345 Drivers/STM32F4xx_HAL_Driver/Src/stm32f4xx_ll_sdmmc.o
 .debug_abbrev  0x0000000000002e36      0x23d Middlewares/Third_Party/FatFs/src/diskio.o
 .debug_abbrev  0x0000000000003073      0x3db Middlewares/Third_Party/FatFs/src/ff.o
 .debug_abbrev  0x000000000000344e      0x2a5 Middlewares/Third_Party/FatFs/src/ff_gen_drv.o
 .debug_abbrev  0x00000000000036f3      0x355 Src/bsp_driver_sd.o
 .debug_abbrev  0x0000000000003a48      0x264 Src/data_logger.o
 .debug_abbrev  0x0000000000003cac      0x204 Src/fatfs.o
 .debug_abbrev  0x0000000000003eb0      0x3ad Src/main.o
 .debug_abbrev  0x000000000000425d      0x2dd Src/sd_diskio.o
 .debug_abbrev  0x000000000000453a      0x2c8 Src/stm32f4xx_hal_msp.o
 .debug_abbrev  0x0000000000004802      0x1fd Src/stm32f4xx_it.o
 .debug_abbrev  0x00000000000049ff      0x1ca Src/system_stm32f4xx.o
 .debug_abbrev  0x0000000000004bc9       0x12 startup/startup_stm32f446xx.o

.debug_loc      0x0000000000000000    0x13952
 .debug_loc     0x0000000000000000      0x11b Drivers/STM32F4xx_HAL_Driver/Src/stm32f4xx_hal.o
 .debug_loc     0x000000000000011b      0x7c5 Drivers/STM32F4xx_HAL_Driver/Src/stm32f4xx_hal_adc.o
 .debug_loc     0x00000000000008e0      0x938 Drivers/STM32F4xx_HAL_Driver/Src/stm32f4xx_hal_can.o
 .debug_loc     0x0000000000001218      0x4fb Drivers/STM32F4xx_HAL_Driver/Src/stm32f4xx_hal_cortex.o
 .debug_loc     0x0000000000001713      0x3cd Drivers/STM32F4xx_HAL_Driver/Src/stm32f4xx_hal_gpio.o
 .debug_loc     0x0000000000001ae0     0x2bba Drivers/STM32F4xx_HAL_Driver/Src/stm32f4xx_hal_i2c.o
 .debug_loc     0x000000000000469a      0x336 Drivers/STM32F4xx_HAL_Driver/Src/stm32f4xx_hal_rcc.o
 .debug_loc     0x00000000000049d0      0xa31 Drivers/STM32F4xx_HAL_Driver/Src/stm32f4xx_hal_rcc_ex.o
 .debug_loc     0x0000000000005401     0x1b70 Drivers/STM32F4xx_HAL_Driver/Src/stm32f4xx_hal_sd.o
 .debug_loc     0x0000000000006f71     0x150f Drivers/STM32F4xx_HAL_Driver/Src/stm32f4xx_hal_spi.o
 .debug_loc     0x0000000000008480     0x30b2 Drivers/STM32F4xx_HAL_Driver/Src/stm32f4xx_hal_tim.o
 .debug_loc     0x000000000000b532      0x84a Drivers/STM32F4xx_HAL_Driver/Src/stm32f4xx_hal_tim_ex.o
 .debug_loc     0x000000000000bd7c     0x132c Drivers/STM32F4xx_HAL_Driver/Src/stm32f4xx_hal_uart.o
 .debug_loc     0x000000000000d0a8      0xedf Drivers/STM32F4xx_HAL_Driver/Src/stm32f4xx_ll_sdmmc.o
 .debug_loc     0x000000000000df87      0x1c6 Middlewares/Third_Party/FatFs/src/diskio.o
 .debug_loc     0x000000000000e14d     0x48f6 Middlewares/Third_Party/FatFs/src/ff.o
 .debug_loc     0x0000000000012a43      0x216 Middlewares/Third_Party/FatFs/src/ff_gen_drv.o
 .debug_loc     0x0000000000012c59      0x429 Src/bsp_driver_sd.o
 .debug_loc     0x0000000000013082       0x4d Src/data_logger.o
 .debug_loc     0x00000000000130cf       0x81 Src/main.o
 .debug_loc     0x0000000000013150      0x3a5 Src/sd_diskio.o
 .debug_loc     0x00000000000134f5      0x341 Src/stm32f4xx_hal_msp.o
 .debug_loc     0x0000000000013836      0x11c Src/system_stm32f4xx.o

.debug_aranges  0x0000000000000000     0x1320
 .debug_aranges
                0x0000000000000000       0xd8 Drivers/STM32F4xx_HAL_Driver/Src/stm32f4xx_hal.o
 .debug_aranges
                0x00000000000000d8       0xb8 Drivers/STM32F4xx_HAL_Driver/Src/stm32f4xx_hal_adc.o
 .debug_aranges
                0x0000000000000190       0xc8 Drivers/STM32F4xx_HAL_Driver/Src/stm32f4xx_hal_can.o
 .debug_aranges
                0x0000000000000258       0xa8 Drivers/STM32F4xx_HAL_Driver/Src/stm32f4xx_hal_cortex.o
 .debug_aranges
                0x0000000000000300       0x58 Drivers/STM32F4xx_HAL_Driver/Src/stm32f4xx_hal_gpio.o
 .debug_aranges
                0x0000000000000358      0x190 Drivers/STM32F4xx_HAL_Driver/Src/stm32f4xx_hal_i2c.o
 .debug_aranges
                0x00000000000004e8       0x88 Drivers/STM32F4xx_HAL_Driver/Src/stm32f4xx_hal_rcc.o
 .debug_aranges
                0x0000000000000570       0x78 Drivers/STM32F4xx_HAL_Driver/Src/stm32f4xx_hal_rcc_ex.o
 .debug_aranges
                0x00000000000005e8       0xf8 Drivers/STM32F4xx_HAL_Driver/Src/stm32f4xx_hal_sd.o
 .debug_aranges
                0x00000000000006e0      0x180 Drivers/STM32F4xx_HAL_Driver/Src/stm32f4xx_hal_spi.o
 .debug_aranges
                0x0000000000000860      0x250 Drivers/STM32F4xx_HAL_Driver/Src/stm32f4xx_hal_tim.o
 .debug_aranges
                0x0000000000000ab0       0xf0 Drivers/STM32F4xx_HAL_Driver/Src/stm32f4xx_hal_tim_ex.o
 .debug_aranges
                0x0000000000000ba0      0x170 Drivers/STM32F4xx_HAL_Driver/Src/stm32f4xx_hal_uart.o
 .debug_aranges
                0x0000000000000d10      0x150 Drivers/STM32F4xx_HAL_Driver/Src/stm32f4xx_ll_sdmmc.o
 .debug_aranges
                0x0000000000000e60       0x48 Middlewares/Third_Party/FatFs/src/diskio.o
 .debug_aranges
                0x0000000000000ea8      0x188 Middlewares/Third_Party/FatFs/src/ff.o
 .debug_aranges
                0x0000000000001030       0x40 Middlewares/Third_Party/FatFs/src/ff_gen_drv.o
 .debug_aranges
                0x0000000000001070       0xa8 Src/bsp_driver_sd.o
 .debug_aranges
                0x0000000000001118       0x30 Src/data_logger.o
 .debug_aranges
                0x0000000000001148       0x28 Src/fatfs.o
 .debug_aranges
                0x0000000000001170       0x38 Src/main.o
 .debug_aranges
                0x00000000000011a8       0x48 Src/sd_diskio.o
 .debug_aranges
                0x00000000000011f0       0x98 Src/stm32f4xx_hal_msp.o
 .debug_aranges
                0x0000000000001288       0x48 Src/stm32f4xx_it.o
 .debug_aranges
                0x00000000000012d0       0x28 Src/system_stm32f4xx.o
 .debug_aranges
                0x00000000000012f8       0x28 startup/startup_stm32f446xx.o

.debug_ranges   0x0000000000000000     0x1c48
 .debug_ranges  0x0000000000000000       0xc8 Drivers/STM32F4xx_HAL_Driver/Src/stm32f4xx_hal.o
 .debug_ranges  0x00000000000000c8       0xc8 Drivers/STM32F4xx_HAL_Driver/Src/stm32f4xx_hal_adc.o
 .debug_ranges  0x0000000000000190       0xb8 Drivers/STM32F4xx_HAL_Driver/Src/stm32f4xx_hal_can.o
 .debug_ranges  0x0000000000000248      0x138 Drivers/STM32F4xx_HAL_Driver/Src/stm32f4xx_hal_cortex.o
 .debug_ranges  0x0000000000000380       0x68 Drivers/STM32F4xx_HAL_Driver/Src/stm32f4xx_hal_gpio.o
 .debug_ranges  0x00000000000003e8      0x358 Drivers/STM32F4xx_HAL_Driver/Src/stm32f4xx_hal_i2c.o
 .debug_ranges  0x0000000000000740       0xb0 Drivers/STM32F4xx_HAL_Driver/Src/stm32f4xx_hal_rcc.o
 .debug_ranges  0x00000000000007f0       0x80 Drivers/STM32F4xx_HAL_Driver/Src/stm32f4xx_hal_rcc_ex.o
 .debug_ranges  0x0000000000000870      0x1f8 Drivers/STM32F4xx_HAL_Driver/Src/stm32f4xx_hal_sd.o
 .debug_ranges  0x0000000000000a68      0x1d0 Drivers/STM32F4xx_HAL_Driver/Src/stm32f4xx_hal_spi.o
 .debug_ranges  0x0000000000000c38      0x330 Drivers/STM32F4xx_HAL_Driver/Src/stm32f4xx_hal_tim.o
 .debug_ranges  0x0000000000000f68       0xe0 Drivers/STM32F4xx_HAL_Driver/Src/stm32f4xx_hal_tim_ex.o
 .debug_ranges  0x0000000000001048      0x178 Drivers/STM32F4xx_HAL_Driver/Src/stm32f4xx_hal_uart.o
 .debug_ranges  0x00000000000011c0      0x1b8 Drivers/STM32F4xx_HAL_Driver/Src/stm32f4xx_ll_sdmmc.o
 .debug_ranges  0x0000000000001378       0x38 Middlewares/Third_Party/FatFs/src/diskio.o
 .debug_ranges  0x00000000000013b0      0x3d0 Middlewares/Third_Party/FatFs/src/ff.o
 .debug_ranges  0x0000000000001780       0x30 Middlewares/Third_Party/FatFs/src/ff_gen_drv.o
 .debug_ranges  0x00000000000017b0       0x98 Src/bsp_driver_sd.o
 .debug_ranges  0x0000000000001848       0x20 Src/data_logger.o
 .debug_ranges  0x0000000000001868       0x18 Src/fatfs.o
 .debug_ranges  0x0000000000001880      0x140 Src/main.o
 .debug_ranges  0x00000000000019c0       0x50 Src/sd_diskio.o
 .debug_ranges  0x0000000000001a10      0x1c8 Src/stm32f4xx_hal_msp.o
 .debug_ranges  0x0000000000001bd8       0x38 Src/stm32f4xx_it.o
 .debug_ranges  0x0000000000001c10       0x18 Src/system_stm32f4xx.o
 .debug_ranges  0x0000000000001c28       0x20 startup/startup_stm32f446xx.o

.debug_line     0x0000000000000000     0xba29
 .debug_line    0x0000000000000000      0x471 Drivers/STM32F4xx_HAL_Driver/Src/stm32f4xx_hal.o
 .debug_line    0x0000000000000471      0x73f Drivers/STM32F4xx_HAL_Driver/Src/stm32f4xx_hal_adc.o
 .debug_line    0x0000000000000bb0      0x6f5 Drivers/STM32F4xx_HAL_Driver/Src/stm32f4xx_hal_can.o
 .debug_line    0x00000000000012a5      0x4bb Drivers/STM32F4xx_HAL_Driver/Src/stm32f4xx_hal_cortex.o
 .debug_line    0x0000000000001760      0x454 Drivers/STM32F4xx_HAL_Driver/Src/stm32f4xx_hal_gpio.o
 .debug_line    0x0000000000001bb4     0x1866 Drivers/STM32F4xx_HAL_Driver/Src/stm32f4xx_hal_i2c.o
 .debug_line    0x000000000000341a      0x56a Drivers/STM32F4xx_HAL_Driver/Src/stm32f4xx_hal_rcc.o
 .debug_line    0x0000000000003984      0x769 Drivers/STM32F4xx_HAL_Driver/Src/stm32f4xx_hal_rcc_ex.o
 .debug_line    0x00000000000040ed      0xa71 Drivers/STM32F4xx_HAL_Driver/Src/stm32f4xx_hal_sd.o
 .debug_line    0x0000000000004b5e      0xb91 Drivers/STM32F4xx_HAL_Driver/Src/stm32f4xx_hal_spi.o
 .debug_line    0x00000000000056ef     0x115e Drivers/STM32F4xx_HAL_Driver/Src/stm32f4xx_hal_tim.o
 .debug_line    0x000000000000684d      0x6aa Drivers/STM32F4xx_HAL_Driver/Src/stm32f4xx_hal_tim_ex.o
 .debug_line    0x0000000000006ef7      0xbce Drivers/STM32F4xx_HAL_Driver/Src/stm32f4xx_hal_uart.o
 .debug_line    0x0000000000007ac5      0x770 Drivers/STM32F4xx_HAL_Driver/Src/stm32f4xx_ll_sdmmc.o
 .debug_line    0x0000000000008235      0x30a Middlewares/Third_Party/FatFs/src/diskio.o
 .debug_line    0x000000000000853f     0x10f9 Middlewares/Third_Party/FatFs/src/ff.o
 .debug_line    0x0000000000009638      0x312 Middlewares/Third_Party/FatFs/src/ff_gen_drv.o
 .debug_line    0x000000000000994a      0x3dc Src/bsp_driver_sd.o
 .debug_line    0x0000000000009d26      0x385 Src/data_logger.o
 .debug_line    0x000000000000a0ab      0x2e9 Src/fatfs.o
 .debug_line    0x000000000000a394      0x6ce Src/main.o
 .debug_line    0x000000000000aa62      0x3a3 Src/sd_diskio.o
 .debug_line    0x000000000000ae05      0x6a1 Src/stm32f4xx_hal_msp.o
 .debug_line    0x000000000000b4a6      0x2b0 Src/stm32f4xx_it.o
 .debug_line    0x000000000000b756      0x254 Src/system_stm32f4xx.o
 .debug_line    0x000000000000b9aa       0x7f startup/startup_stm32f446xx.o

.debug_str      0x0000000000000000     0x6f6d
 .debug_str     0x0000000000000000      0xf53 Drivers/STM32F4xx_HAL_Driver/Src/stm32f4xx_hal.o
                                       0x103e (size before relaxing)
 .debug_str     0x0000000000000f53      0x6b8 Drivers/STM32F4xx_HAL_Driver/Src/stm32f4xx_hal_adc.o
                                        0xdd8 (size before relaxing)
 .debug_str     0x000000000000160b      0x791 Drivers/STM32F4xx_HAL_Driver/Src/stm32f4xx_hal_can.o
                                        0xef6 (size before relaxing)
 .debug_str     0x0000000000001d9c      0x3c3 Drivers/STM32F4xx_HAL_Driver/Src/stm32f4xx_hal_cortex.o
                                       0x10f0 (size before relaxing)
 .debug_str     0x000000000000215f      0x1cd Drivers/STM32F4xx_HAL_Driver/Src/stm32f4xx_hal_gpio.o
                                        0x9aa (size before relaxing)
 .debug_str     0x000000000000232c      0xa67 Drivers/STM32F4xx_HAL_Driver/Src/stm32f4xx_hal_i2c.o
                                       0x13d0 (size before relaxing)
 .debug_str     0x0000000000002d93      0x2ce Drivers/STM32F4xx_HAL_Driver/Src/stm32f4xx_hal_rcc.o
                                        0xb82 (size before relaxing)
 .debug_str     0x0000000000003061      0x347 Drivers/STM32F4xx_HAL_Driver/Src/stm32f4xx_hal_rcc_ex.o
                                        0xc85 (size before relaxing)
 .debug_str     0x00000000000033a8      0xc37 Drivers/STM32F4xx_HAL_Driver/Src/stm32f4xx_hal_sd.o
                                       0x15fa (size before relaxing)
 .debug_str     0x0000000000003fdf      0x651 Drivers/STM32F4xx_HAL_Driver/Src/stm32f4xx_hal_spi.o
                                       0x100f (size before relaxing)
 .debug_str     0x0000000000004630      0xeda Drivers/STM32F4xx_HAL_Driver/Src/stm32f4xx_hal_tim.o
                                       0x184a (size before relaxing)
 .debug_str     0x000000000000550a      0x50d Drivers/STM32F4xx_HAL_Driver/Src/stm32f4xx_hal_tim_ex.o
                                       0x110a (size before relaxing)
 .debug_str     0x0000000000005a17      0x675 Drivers/STM32F4xx_HAL_Driver/Src/stm32f4xx_hal_uart.o
                                       0x1087 (size before relaxing)
 .debug_str     0x000000000000608c      0x1fc Drivers/STM32F4xx_HAL_Driver/Src/stm32f4xx_ll_sdmmc.o
                                        0xc6c (size before relaxing)
 .debug_str     0x0000000000006288      0x113 Middlewares/Third_Party/FatFs/src/diskio.o
                                        0x766 (size before relaxing)
 .debug_str     0x000000000000639b      0x550 Middlewares/Third_Party/FatFs/src/ff.o
                                        0xc7f (size before relaxing)
 .debug_str     0x00000000000068eb       0xa2 Middlewares/Third_Party/FatFs/src/ff_gen_drv.o
                                        0x7b7 (size before relaxing)
 .debug_str     0x000000000000698d      0x1c8 Src/bsp_driver_sd.o
                                        0xeb1 (size before relaxing)
 .debug_str     0x0000000000006b55       0xa2 Src/data_logger.o
                                        0x9ee (size before relaxing)
 .debug_str     0x0000000000006bf7       0x1d Src/fatfs.o
                                        0x82b (size before relaxing)
 .debug_str     0x0000000000006c14      0x1f0 Src/main.o
                                       0x2888 (size before relaxing)
 .debug_str     0x0000000000006e04       0x59 Src/sd_diskio.o
                                        0x830 (size before relaxing)
 .debug_str     0x0000000000006e5d       0x25 Src/stm32f4xx_hal_msp.o
                                       0x1df0 (size before relaxing)
 .debug_str     0x0000000000006e82       0xa6 Src/stm32f4xx_it.o
                                        0x70c (size before relaxing)
 .debug_str     0x0000000000006f28       0x45 Src/system_stm32f4xx.o
                                        0x80e (size before relaxing)

.comment        0x0000000000000000       0x7c
 .comment       0x0000000000000000       0x7c Drivers/STM32F4xx_HAL_Driver/Src/stm32f4xx_hal.o
                                         0x7d (size before relaxing)
 .comment       0x000000000000007c       0x7d Drivers/STM32F4xx_HAL_Driver/Src/stm32f4xx_hal_adc.o
 .comment       0x000000000000007c       0x7d Drivers/STM32F4xx_HAL_Driver/Src/stm32f4xx_hal_can.o
 .comment       0x000000000000007c       0x7d Drivers/STM32F4xx_HAL_Driver/Src/stm32f4xx_hal_cortex.o
 .comment       0x000000000000007c       0x7d Drivers/STM32F4xx_HAL_Driver/Src/stm32f4xx_hal_gpio.o
 .comment       0x000000000000007c       0x7d Drivers/STM32F4xx_HAL_Driver/Src/stm32f4xx_hal_i2c.o
 .comment       0x000000000000007c       0x7d Drivers/STM32F4xx_HAL_Driver/Src/stm32f4xx_hal_rcc.o
 .comment       0x000000000000007c       0x7d Drivers/STM32F4xx_HAL_Driver/Src/stm32f4xx_hal_rcc_ex.o
 .comment       0x000000000000007c       0x7d Drivers/STM32F4xx_HAL_Driver/Src/stm32f4xx_hal_sd.o
 .comment       0x000000000000007c       0x7d Drivers/STM32F4xx_HAL_Driver/Src/stm32f4xx_hal_spi.o
 .comment       0x000000000000007c       0x7d Drivers/STM32F4xx_HAL_Driver/Src/stm32f4xx_hal_tim.o
 .comment       0x000000000000007c       0x7d Drivers/STM32F4xx_HAL_Driver/Src/stm32f4xx_hal_tim_ex.o
 .comment       0x000000000000007c       0x7d Drivers/STM32F4xx_HAL_Driver/Src/stm32f4xx_hal_uart.o
 .comment       0x000000000000007c       0x7d Drivers/STM32F4xx_HAL_Driver/Src/stm32f4xx_ll_sdmmc.o
 .comment       0x000000000000007c       0x7d Middlewares/Third_Party/FatFs/src/diskio.o
 .comment       0x000000000000007c       0x7d Middlewares/Third_Party/FatFs/src/ff.o
 .comment       0x000000000000007c       0x7d Middlewares/Third_Party/FatFs/src/ff_gen_drv.o
 .comment       0x000000000000007c       0x7d Src/bsp_driver_sd.o
 .comment       0x000000000000007c       0x7d Src/data_logger.o
 .comment       0x000000000000007c       0x7d Src/fatfs.o
 .comment       0x000000000000007c       0x7d Src/main.o
 .comment       0x000000000000007c       0x7d Src/sd_diskio.o
 .comment       0x000000000000007c       0x7d Src/stm32f4xx_hal_msp.o
 .comment       0x000000000000007c       0x7d Src/stm32f4xx_it.o
 .comment       0x000000000000007c       0x7d Src/system_stm32f4xx.o

.debug_frame    0x0000000000000000     0x3d94
 .debug_frame   0x0000000000000000      0x1d0 Drivers/STM32F4xx_HAL_Driver/Src/stm32f4xx_hal.o
 .debug_frame   0x00000000000001d0      0x244 Drivers/STM32F4xx_HAL_Driver/Src/stm32f4xx_hal_adc.o
 .debug_frame   0x0000000000000414      0x2cc Drivers/STM32F4xx_HAL_Driver/Src/stm32f4xx_hal_can.o
 .debug_frame   0x00000000000006e0      0x158 Drivers/STM32F4xx_HAL_Driver/Src/stm32f4xx_hal_cortex.o
 .debug_frame   0x0000000000000838       0xd8 Drivers/STM32F4xx_HAL_Driver/Src/stm32f4xx_hal_gpio.o
 .debug_frame   0x0000000000000910      0x684 Drivers/STM32F4xx_HAL_Driver/Src/stm32f4xx_hal_i2c.o
 .debug_frame   0x0000000000000f94      0x13c Drivers/STM32F4xx_HAL_Driver/Src/stm32f4xx_hal_rcc.o
 .debug_frame   0x00000000000010d0      0x150 Drivers/STM32F4xx_HAL_Driver/Src/stm32f4xx_hal_rcc_ex.o
 .debug_frame   0x0000000000001220      0x3c0 Drivers/STM32F4xx_HAL_Driver/Src/stm32f4xx_hal_sd.o
 .debug_frame   0x00000000000015e0      0x560 Drivers/STM32F4xx_HAL_Driver/Src/stm32f4xx_hal_spi.o
 .debug_frame   0x0000000000001b40      0x854 Drivers/STM32F4xx_HAL_Driver/Src/stm32f4xx_hal_tim.o
 .debug_frame   0x0000000000002394      0x330 Drivers/STM32F4xx_HAL_Driver/Src/stm32f4xx_hal_tim_ex.o
 .debug_frame   0x00000000000026c4      0x4a0 Drivers/STM32F4xx_HAL_Driver/Src/stm32f4xx_hal_uart.o
 .debug_frame   0x0000000000002b64      0x458 Drivers/STM32F4xx_HAL_Driver/Src/stm32f4xx_ll_sdmmc.o
 .debug_frame   0x0000000000002fbc       0x94 Middlewares/Third_Party/FatFs/src/diskio.o
 .debug_frame   0x0000000000003050      0x5bc Middlewares/Third_Party/FatFs/src/ff.o
 .debug_frame   0x000000000000360c       0x6c Middlewares/Third_Party/FatFs/src/ff_gen_drv.o
 .debug_frame   0x0000000000003678      0x1b8 Src/bsp_driver_sd.o
 .debug_frame   0x0000000000003830       0x68 Src/data_logger.o
 .debug_frame   0x0000000000003898       0x38 Src/fatfs.o
 .debug_frame   0x00000000000038d0       0x84 Src/main.o
 .debug_frame   0x0000000000003954       0xa0 Src/sd_diskio.o
 .debug_frame   0x00000000000039f4      0x230 Src/stm32f4xx_hal_msp.o
 .debug_frame   0x0000000000003c24       0xac Src/stm32f4xx_it.o
 .debug_frame   0x0000000000003cd0       0x38 Src/system_stm32f4xx.o
 .debug_frame   0x0000000000003d08       0x2c /opt/Atollic_TrueSTUDIO_for_STM32_x86_64_9.0.1/ARMTools/bin/../lib/gcc/arm-atollic-eabi/6.3.1/../../../../arm-atollic-eabi/lib/armv7e-m/fpu/libc_nano.a(lib_a-init.o)
 .debug_frame   0x0000000000003d34       0x2c /opt/Atollic_TrueSTUDIO_for_STM32_x86_64_9.0.1/ARMTools/bin/../lib/gcc/arm-atollic-eabi/6.3.1/armv7e-m/fpu/libgcc.a(_aeabi_uldivmod.o)
 .debug_frame   0x0000000000003d60       0x34 /opt/Atollic_TrueSTUDIO_for_STM32_x86_64_9.0.1/ARMTools/bin/../lib/gcc/arm-atollic-eabi/6.3.1/armv7e-m/fpu/libgcc.a(_udivmoddi4.o)
