bsp_driver_sd.c:72:9:BSP_SD_Init	16	static
bsp_driver_sd.c:102:9:BSP_SD_ITConfig	0	static
bsp_driver_sd.c:111:6:BSP_SD_DetectIT	0	static
bsp_driver_sd.c:118:13:BSP_SD_DetectCallback	0	static
bsp_driver_sd.c:136:9:BSP_SD_ReadBlocks	16	static
bsp_driver_sd.c:159:9:BSP_SD_WriteBlocks	16	static
bsp_driver_sd.c:181:9:BSP_SD_ReadBlocks_DMA	8	static
bsp_driver_sd.c:204:9:BSP_SD_WriteBlocks_DMA	8	static
bsp_driver_sd.c:226:9:BSP_SD_Erase	8	static
bsp_driver_sd.c:244:6:BSP_SD_IRQHandler	0	static
bsp_driver_sd.c:252:6:BSP_SD_DMA_Tx_IRQHandler	0	static
bsp_driver_sd.c:260:6:BSP_SD_DMA_Rx_IRQHandler	0	static
bsp_driver_sd.c:273:9:BSP_SD_GetCardState	8	static
bsp_driver_sd.c:283:6:BSP_SD_GetCardInfo	0	static
bsp_driver_sd.c:327:13:BSP_SD_AbortCallback	0	static
bsp_driver_sd.c:297:6:HAL_SD_AbortCallback	8	static
bsp_driver_sd.c:336:13:BSP_SD_WriteCpltCallback	0	static
bsp_driver_sd.c:307:6:HAL_SD_TxCpltCallback	8	static
bsp_driver_sd.c:345:13:BSP_SD_ReadCpltCallback	0	static
bsp_driver_sd.c:317:6:HAL_SD_RxCpltCallback	8	static
bsp_driver_sd.c:357:9:BSP_SD_IsDetected	8	static
