stm32f4xx_hal_msp.c:60:6:HAL_MspInit	16	static
stm32f4xx_hal_msp.c:92:6:HAL_ADC_MspInit	48	static
stm32f4xx_hal_msp.c:154:6:HAL_ADC_MspDeInit	8	static
stm32f4xx_hal_msp.c:203:6:HAL_CAN_MspInit	48	static
stm32f4xx_hal_msp.c:240:6:HAL_CAN_MspDeInit	8	static
stm32f4xx_hal_msp.c:266:6:HAL_I2C_MspInit	48	static
stm32f4xx_hal_msp.c:303:6:HAL_I2C_MspDeInit	8	static
stm32f4xx_hal_msp.c:329:6:HAL_SD_MspInit	48	static
stm32f4xx_hal_msp.c:377:6:HAL_SD_MspDeInit	8	static
stm32f4xx_hal_msp.c:409:6:HAL_SPI_MspInit	48	static
stm32f4xx_hal_msp.c:447:6:HAL_SPI_MspDeInit	8	static
stm32f4xx_hal_msp.c:474:6:HAL_TIM_Base_MspInit	56	static
stm32f4xx_hal_msp.c:566:6:HAL_TIM_MspPostInit	40	static
stm32f4xx_hal_msp.c:690:6:HAL_TIM_Base_MspDeInit	8	static
stm32f4xx_hal_msp.c:771:6:HAL_UART_MspInit	56	static
stm32f4xx_hal_msp.c:854:6:HAL_UART_MspDeInit	8	static
