stm32f4xx_hal_msp.c:50:6:HAL_MspInit	16	static
stm32f4xx_hal_msp.c:82:6:HAL_ADC_MspInit	48	static
stm32f4xx_hal_msp.c:144:6:HAL_ADC_MspDeInit	8	static
stm32f4xx_hal_msp.c:193:6:HAL_CAN_MspInit	48	static
stm32f4xx_hal_msp.c:235:6:HAL_CAN_MspDeInit	8	static
stm32f4xx_hal_msp.c:264:6:HAL_I2C_MspInit	48	static
stm32f4xx_hal_msp.c:301:6:HAL_I2C_MspDeInit	8	static
stm32f4xx_hal_msp.c:327:6:HAL_SPI_MspInit	48	static
stm32f4xx_hal_msp.c:365:6:HAL_SPI_MspDeInit	8	static
stm32f4xx_hal_msp.c:392:6:HAL_TIM_Base_MspInit	56	static
stm32f4xx_hal_msp.c:484:6:HAL_TIM_MspPostInit	40	static
stm32f4xx_hal_msp.c:608:6:HAL_TIM_Base_MspDeInit	8	static
stm32f4xx_hal_msp.c:689:6:HAL_UART_MspInit	56	static
stm32f4xx_hal_msp.c:772:6:HAL_UART_MspDeInit	8	static
